2026-01-14 10:06:44,100 | File Name:- auth.py |Class Name:- - |Function Name get_db | line=33
2026-01-14 10:06:44,101 | File Name:- main.py |Class Name:- - |Function Name login | line=47
2026-01-14 10:06:44,119 | File Name:- auth.py |Class Name:- - |Function Name verify_password | line=24
2026-01-14 10:06:44,442 | File Name:- auth.py |Class Name:- - |Function Name create_access_token | line=27
2026-01-14 10:06:44,445 | File Name:- auth.py |Class Name:- - |Function Name get_db | line=33
2026-01-14 10:17:53,507 | File Name:- auth.py |Class Name:- - |Function Name get_db | line=33
2026-01-14 10:17:53,509 | File Name:- main.py |Class Name:- - |Function Name login | line=47
2026-01-14 10:17:53,536 | File Name:- auth.py |Class Name:- - |Function Name verify_password | line=24
2026-01-14 10:17:54,046 | File Name:- auth.py |Class Name:- - |Function Name create_access_token | line=27
2026-01-14 10:17:54,053 | File Name:- auth.py |Class Name:- - |Function Name get_db | line=33
2026-01-14 10:17:54,073 | File Name:- auth.py |Class Name:- - |Function Name get_db | line=33
2026-01-14 10:17:54,075 | File Name:- auth.py |Class Name:- - |Function Name get_current_user | line=39
2026-01-14 10:17:54,080 | File Name:- main.py |Class Name:- - |Function Name get_my_info | line=57
2026-01-14 10:17:54,082 | File Name:- auth.py |Class Name:- - |Function Name get_db | line=33
2026-01-14 10:17:54,085 | File Name:- auth.py |Class Name:- - |Function Name get_db | line=33
2026-01-14 10:17:54,085 | File Name:- auth.py |Class Name:- - |Function Name get_current_user | line=39
2026-01-14 10:17:54,091 | File Name:- main.py |Class Name:- - |Function Name get_my_info | line=57
2026-01-14 10:17:54,094 | File Name:- auth.py |Class Name:- - |Function Name get_db | line=33
2026-01-14 11:30:02,703 | File Name:- auth.py |Class Name:- - |Function Name get_db | line=33
2026-01-14 11:30:02,703 | File Name:- auth.py |Class Name:- - |Function Name get_current_user | line=39
2026-01-14 11:30:02,706 | File Name:- auth.py |Class Name:- - |Function Name get_db | line=33
2026-01-14 11:30:02,713 | File Name:- auth.py |Class Name:- - |Function Name get_db | line=33
2026-01-14 11:30:02,715 | File Name:- auth.py |Class Name:- - |Function Name get_current_user | line=39
2026-01-14 11:30:02,722 | File Name:- auth.py |Class Name:- - |Function Name get_db | line=33
2026-01-14 11:40:24,442 | File Name:- auth.py |Class Name:- - |Function Name get_db | line=33
2026-01-14 11:40:24,443 | File Name:- main.py |Class Name:- - |Function Name login | line=47
2026-01-14 11:40:24,446 | File Name:- auth.py |Class Name:- - |Function Name verify_password | line=24
2026-01-14 11:40:24,809 | File Name:- auth.py |Class Name:- - |Function Name create_access_token | line=27
2026-01-14 11:40:24,812 | File Name:- auth.py |Class Name:- - |Function Name get_db | line=33
2026-01-14 11:40:24,830 | File Name:- auth.py |Class Name:- - |Function Name get_db | line=33
2026-01-14 11:40:24,832 | File Name:- auth.py |Class Name:- - |Function Name get_current_user | line=39
2026-01-14 11:40:24,835 | File Name:- main.py |Class Name:- - |Function Name get_my_info | line=57
2026-01-14 11:40:24,840 | File Name:- auth.py |Class Name:- - |Function Name get_db | line=33
2026-01-14 11:40:24,842 | File Name:- auth.py |Class Name:- - |Function Name get_db | line=33
2026-01-14 11:40:24,843 | File Name:- auth.py |Class Name:- - |Function Name get_current_user | line=39
2026-01-14 11:40:24,848 | File Name:- main.py |Class Name:- - |Function Name get_my_info | line=57
2026-01-14 11:40:24,854 | File Name:- auth.py |Class Name:- - |Function Name get_db | line=33
2026-01-14 11:40:24,859 | File Name:- auth.py |Class Name:- - |Function Name get_db | line=33
2026-01-14 11:40:24,860 | File Name:- auth.py |Class Name:- - |Function Name get_current_user | line=39
2026-01-14 11:40:24,863 | File Name:- main.py |Class Name:- - |Function Name get_my_notes | line=90
2026-01-14 11:40:24,872 | File Name:- auth.py |Class Name:- - |Function Name get_db | line=33
2026-01-14 11:40:24,874 | File Name:- auth.py |Class Name:- - |Function Name get_db | line=33
2026-01-14 11:40:24,875 | File Name:- auth.py |Class Name:- - |Function Name get_current_user | line=39
2026-01-14 11:40:24,878 | File Name:- main.py |Class Name:- - |Function Name get_my_notes | line=90
2026-01-14 11:40:24,883 | File Name:- auth.py |Class Name:- - |Function Name get_db | line=33
2026-01-14 11:40:46,949 | File Name:- auth.py |Class Name:- - |Function Name get_db | line=33
2026-01-14 11:40:46,951 | File Name:- auth.py |Class Name:- - |Function Name get_current_user | line=39
2026-01-14 11:40:46,955 | File Name:- main.py |Class Name:- - |Function Name create_note | line=74
2026-01-14 11:40:46,990 | File Name:- auth.py |Class Name:- - |Function Name get_db | line=33
2026-01-14 11:40:46,996 | File Name:- auth.py |Class Name:- - |Function Name get_db | line=33
2026-01-14 11:40:46,997 | File Name:- auth.py |Class Name:- - |Function Name get_current_user | line=39
2026-01-14 11:40:47,001 | File Name:- main.py |Class Name:- - |Function Name get_my_notes | line=90
2026-01-14 11:40:47,008 | File Name:- auth.py |Class Name:- - |Function Name get_db | line=33
2026-01-14 11:41:28,364 | File Name:- auth.py |Class Name:- - |Function Name get_db | line=33
2026-01-14 11:41:28,366 | File Name:- auth.py |Class Name:- - |Function Name get_current_user | line=39
2026-01-14 11:41:28,371 | File Name:- main.py |Class Name:- - |Function Name delete_note | line=124
2026-01-14 11:41:28,392 | File Name:- auth.py |Class Name:- - |Function Name get_db | line=33
2026-01-14 11:41:28,397 | File Name:- auth.py |Class Name:- - |Function Name get_db | line=33
2026-01-14 11:41:28,398 | File Name:- auth.py |Class Name:- - |Function Name get_current_user | line=39
2026-01-14 11:41:28,401 | File Name:- main.py |Class Name:- - |Function Name get_my_notes | line=90
2026-01-14 11:41:28,407 | File Name:- auth.py |Class Name:- - |Function Name get_db | line=33
2026-01-14 11:41:34,878 | File Name:- auth.py |Class Name:- - |Function Name get_db | line=33
2026-01-14 11:41:34,879 | File Name:- auth.py |Class Name:- - |Function Name get_current_user | line=39
2026-01-14 11:41:34,885 | File Name:- main.py |Class Name:- - |Function Name delete_note | line=124
2026-01-14 11:41:34,914 | File Name:- auth.py |Class Name:- - |Function Name get_db | line=33
2026-01-14 11:41:34,918 | File Name:- auth.py |Class Name:- - |Function Name get_db | line=33
2026-01-14 11:41:34,919 | File Name:- auth.py |Class Name:- - |Function Name get_current_user | line=39
2026-01-14 11:41:34,923 | File Name:- main.py |Class Name:- - |Function Name get_my_notes | line=90
2026-01-14 11:41:34,930 | File Name:- auth.py |Class Name:- - |Function Name get_db | line=33
2026-01-14 11:43:10,863 | File Name:- auth.py |Class Name:- - |Function Name get_db | line=33
2026-01-14 11:43:10,864 | File Name:- auth.py |Class Name:- - |Function Name get_current_user | line=39
2026-01-14 11:43:10,869 | File Name:- main.py |Class Name:- - |Function Name get_my_info | line=57
2026-01-14 11:43:10,871 | File Name:- auth.py |Class Name:- - |Function Name get_db | line=33
2026-01-14 11:43:10,876 | File Name:- auth.py |Class Name:- - |Function Name get_db | line=33
2026-01-14 11:43:10,878 | File Name:- auth.py |Class Name:- - |Function Name get_current_user | line=39
2026-01-14 11:43:10,885 | File Name:- main.py |Class Name:- - |Function Name get_my_info | line=57
2026-01-14 11:43:10,888 | File Name:- auth.py |Class Name:- - |Function Name get_db | line=33
2026-01-14 11:43:10,894 | File Name:- auth.py |Class Name:- - |Function Name get_db | line=33
2026-01-14 11:43:10,894 | File Name:- auth.py |Class Name:- - |Function Name get_current_user | line=39
2026-01-14 11:43:10,898 | File Name:- main.py |Class Name:- - |Function Name get_my_notes | line=90
2026-01-14 11:43:10,905 | File Name:- auth.py |Class Name:- - |Function Name get_db | line=33
2026-01-14 11:43:10,907 | File Name:- auth.py |Class Name:- - |Function Name get_db | line=33
2026-01-14 11:43:10,908 | File Name:- auth.py |Class Name:- - |Function Name get_current_user | line=39
2026-01-14 11:43:10,913 | File Name:- main.py |Class Name:- - |Function Name get_my_notes | line=90
2026-01-14 11:43:10,921 | File Name:- auth.py |Class Name:- - |Function Name get_db | line=33
2026-01-14 11:43:25,795 | File Name:- auth.py |Class Name:- - |Function Name get_db | line=33
2026-01-14 11:43:25,796 | File Name:- auth.py |Class Name:- - |Function Name get_current_user | line=39
2026-01-14 11:43:25,799 | File Name:- main.py |Class Name:- - |Function Name create_note | line=74
2026-01-14 11:43:25,815 | File Name:- auth.py |Class Name:- - |Function Name get_db | line=33
2026-01-14 11:43:25,821 | File Name:- auth.py |Class Name:- - |Function Name get_db | line=33
2026-01-14 11:43:25,822 | File Name:- auth.py |Class Name:- - |Function Name get_current_user | line=39
2026-01-14 11:43:25,825 | File Name:- main.py |Class Name:- - |Function Name get_my_notes | line=90
2026-01-14 11:43:25,830 | File Name:- auth.py |Class Name:- - |Function Name get_db | line=33
2026-01-14 12:04:29,148 | File Name:- auth.py |Class Name:- - |Function Name get_db | line=33
2026-01-14 12:04:29,153 | File Name:- main.py |Class Name:- - |Function Name login | line=47
2026-01-14 12:04:29,227 | File Name:- auth.py |Class Name:- - |Function Name get_db | line=33
2026-01-14 12:04:29,248 | File Name:- auth.py |Class Name:- - |Function Name get_db | line=33
2026-01-14 12:04:29,250 | File Name:- auth.py |Class Name:- - |Function Name get_current_user | line=39
2026-01-14 12:04:29,252 | File Name:- auth.py |Class Name:- - |Function Name get_db | line=33
2026-01-14 12:04:29,262 | File Name:- auth.py |Class Name:- - |Function Name get_db | line=33
2026-01-14 12:04:29,262 | File Name:- auth.py |Class Name:- - |Function Name get_current_user | line=39
2026-01-14 12:04:29,262 | File Name:- auth.py |Class Name:- - |Function Name get_db | line=33
2026-01-14 12:07:04,939 | File Name:- auth.py |Class Name:- - |Function Name get_db | line=33
2026-01-14 12:07:04,939 | File Name:- main.py |Class Name:- - |Function Name login | line=47
2026-01-14 12:07:04,943 | File Name:- auth.py |Class Name:- - |Function Name verify_password | line=24
2026-01-14 12:07:05,398 | File Name:- auth.py |Class Name:- - |Function Name create_access_token | line=27
2026-01-14 12:07:05,403 | File Name:- auth.py |Class Name:- - |Function Name get_db | line=33
2026-01-14 12:07:05,426 | File Name:- auth.py |Class Name:- - |Function Name get_db | line=33
2026-01-14 12:07:05,427 | File Name:- auth.py |Class Name:- - |Function Name get_current_user | line=39
2026-01-14 12:07:05,434 | File Name:- main.py |Class Name:- - |Function Name get_my_info | line=57
2026-01-14 12:07:05,440 | File Name:- auth.py |Class Name:- - |Function Name get_db | line=33
2026-01-14 12:07:05,445 | File Name:- auth.py |Class Name:- - |Function Name get_db | line=33
2026-01-14 12:07:05,451 | File Name:- auth.py |Class Name:- - |Function Name get_current_user | line=39
2026-01-14 12:07:05,459 | File Name:- auth.py |Class Name:- - |Function Name get_db | line=33
2026-01-14 12:07:05,459 | File Name:- main.py |Class Name:- - |Function Name get_my_info | line=57
2026-01-14 12:07:05,460 | File Name:- auth.py |Class Name:- - |Function Name get_current_user | line=39
2026-01-14 12:07:05,467 | File Name:- auth.py |Class Name:- - |Function Name get_db | line=33
2026-01-14 12:07:05,467 | File Name:- main.py |Class Name:- - |Function Name get_my_notes | line=90
2026-01-14 12:07:05,477 | File Name:- auth.py |Class Name:- - |Function Name get_db | line=33
2026-01-14 12:07:05,480 | File Name:- auth.py |Class Name:- - |Function Name get_db | line=33
2026-01-14 12:07:05,481 | File Name:- auth.py |Class Name:- - |Function Name get_current_user | line=39
2026-01-14 12:07:05,485 | File Name:- main.py |Class Name:- - |Function Name get_my_notes | line=90
2026-01-14 12:07:05,489 | File Name:- auth.py |Class Name:- - |Function Name get_db | line=33
2026-01-14 12:07:07,249 | File Name:- auth.py |Class Name:- - |Function Name get_db | line=33
2026-01-14 12:07:07,251 | File Name:- auth.py |Class Name:- - |Function Name get_current_user | line=39
2026-01-14 12:07:07,258 | File Name:- main.py |Class Name:- - |Function Name create_note | line=74
2026-01-14 12:07:07,308 | File Name:- auth.py |Class Name:- - |Function Name get_db | line=33
2026-01-14 12:07:07,312 | File Name:- auth.py |Class Name:- - |Function Name get_db | line=33
2026-01-14 12:07:07,314 | File Name:- auth.py |Class Name:- - |Function Name get_current_user | line=39
2026-01-14 12:07:07,317 | File Name:- main.py |Class Name:- - |Function Name get_my_notes | line=90
2026-01-14 12:07:07,330 | File Name:- auth.py |Class Name:- - |Function Name get_db | line=33
2026-01-14 12:07:09,310 | File Name:- auth.py |Class Name:- - |Function Name get_db | line=33
2026-01-14 12:07:09,314 | File Name:- auth.py |Class Name:- - |Function Name get_current_user | line=39
2026-01-14 12:07:09,318 | File Name:- main.py |Class Name:- - |Function Name delete_note | line=124
2026-01-14 12:07:09,350 | File Name:- auth.py |Class Name:- - |Function Name get_db | line=33
2026-01-14 12:07:09,350 | File Name:- auth.py |Class Name:- - |Function Name get_db | line=33
2026-01-14 12:07:09,350 | File Name:- auth.py |Class Name:- - |Function Name get_current_user | line=39
2026-01-14 12:07:09,365 | File Name:- main.py |Class Name:- - |Function Name get_my_notes | line=90
2026-01-14 12:07:09,365 | File Name:- auth.py |Class Name:- - |Function Name get_db | line=33
2026-01-14 12:19:40,196 | File Name:- auth.py |Class Name:- - |Function Name get_db | line=33
2026-01-14 12:19:40,198 | File Name:- main.py |Class Name:- - |Function Name login | line=47
2026-01-14 12:19:40,203 | File Name:- auth.py |Class Name:- - |Function Name verify_password | line=24
2026-01-14 12:19:40,590 | File Name:- auth.py |Class Name:- - |Function Name create_access_token | line=27
2026-01-14 12:19:40,593 | File Name:- auth.py |Class Name:- - |Function Name get_db | line=33
2026-01-14 12:19:40,610 | File Name:- auth.py |Class Name:- - |Function Name get_db | line=33
2026-01-14 12:19:40,612 | File Name:- auth.py |Class Name:- - |Function Name get_current_user | line=39
2026-01-14 12:19:40,615 | File Name:- main.py |Class Name:- - |Function Name get_my_info | line=57
2026-01-14 12:19:40,619 | File Name:- auth.py |Class Name:- - |Function Name get_db | line=33
2026-01-14 12:19:40,623 | File Name:- auth.py |Class Name:- - |Function Name get_db | line=33
2026-01-14 12:19:40,627 | File Name:- auth.py |Class Name:- - |Function Name get_current_user | line=39
2026-01-14 12:19:40,638 | File Name:- main.py |Class Name:- - |Function Name get_my_info | line=57
2026-01-14 12:19:40,640 | File Name:- auth.py |Class Name:- - |Function Name get_db | line=33
2026-01-14 12:19:40,644 | File Name:- auth.py |Class Name:- - |Function Name get_current_user | line=39
2026-01-14 12:19:40,652 | File Name:- auth.py |Class Name:- - |Function Name get_db | line=33
2026-01-14 12:19:40,653 | File Name:- main.py |Class Name:- - |Function Name get_my_notes | line=90
2026-01-14 12:19:40,659 | File Name:- auth.py |Class Name:- - |Function Name get_db | line=33
2026-01-14 12:19:40,662 | File Name:- auth.py |Class Name:- - |Function Name get_db | line=33
2026-01-14 12:19:40,665 | File Name:- auth.py |Class Name:- - |Function Name get_current_user | line=39
2026-01-14 12:19:40,669 | File Name:- main.py |Class Name:- - |Function Name get_my_notes | line=90
2026-01-14 12:19:40,679 | File Name:- auth.py |Class Name:- - |Function Name get_db | line=33
2026-01-14 12:19:42,449 | File Name:- auth.py |Class Name:- - |Function Name get_db | line=33
2026-01-14 12:19:42,450 | File Name:- auth.py |Class Name:- - |Function Name get_current_user | line=39
2026-01-14 12:19:42,455 | File Name:- main.py |Class Name:- - |Function Name create_note | line=74
2026-01-14 12:19:42,486 | File Name:- auth.py |Class Name:- - |Function Name get_db | line=33
2026-01-14 12:19:42,489 | File Name:- auth.py |Class Name:- - |Function Name get_db | line=33
2026-01-14 12:19:42,492 | File Name:- auth.py |Class Name:- - |Function Name get_current_user | line=39
2026-01-14 12:19:42,498 | File Name:- main.py |Class Name:- - |Function Name get_my_notes | line=90
2026-01-14 12:19:42,505 | File Name:- auth.py |Class Name:- - |Function Name get_db | line=33
2026-01-14 12:19:44,521 | File Name:- auth.py |Class Name:- - |Function Name get_db | line=33
2026-01-14 12:19:44,522 | File Name:- auth.py |Class Name:- - |Function Name get_current_user | line=39
2026-01-14 12:19:44,525 | File Name:- main.py |Class Name:- - |Function Name delete_note | line=124
2026-01-14 12:19:44,550 | File Name:- auth.py |Class Name:- - |Function Name get_db | line=33
2026-01-14 12:19:44,555 | File Name:- auth.py |Class Name:- - |Function Name get_db | line=33
2026-01-14 12:19:44,556 | File Name:- auth.py |Class Name:- - |Function Name get_current_user | line=39
2026-01-14 12:19:44,560 | File Name:- main.py |Class Name:- - |Function Name get_my_notes | line=90
2026-01-14 12:19:44,564 | File Name:- auth.py |Class Name:- - |Function Name get_db | line=33
