2026-01-14 09:57:39,040 | API HIT | POST /login
2026-01-14 09:57:39,041 | CALL | file=venv\Lib\site-packages\starlette\middleware\base.py | class=TraceMiddleware | function=call_next | line=112
2026-01-14 09:57:39,041 | CALL | file=venv\Lib\site-packages\anyio\_backends\_asyncio.py | class=TaskGroup | function=start_soon | line=898
2026-01-14 09:57:39,041 | CALL | file=venv\Lib\site-packages\anyio\_backends\_asyncio.py | class=TaskGroup | function=_spawn | line=798
2026-01-14 09:57:39,041 | CALL | file=venv\Lib\site-packages\anyio\_backends\_asyncio.py | class=None | function=get_callable_name | line=345
2026-01-14 09:57:39,042 | CALL | file=venv\Lib\site-packages\anyio\_backends\_asyncio.py | class=TaskState | function=__init__ | line=685
2026-01-14 09:57:39,042 | CALL | file=venv\Lib\site-packages\anyio\streams\memory.py | class=MemoryObjectReceiveStream | function=receive | line=114
2026-01-14 09:57:39,042 | CALL | file=venv\Lib\site-packages\anyio\lowlevel.py | class=None | function=checkpoint | line=26
2026-01-14 09:57:39,042 | CALL | file=venv\Lib\site-packages\anyio\_core\_eventloop.py | class=None | function=get_async_backend | line=185
2026-01-14 09:57:39,042 | CALL | file=venv\Lib\site-packages\anyio\_core\_eventloop.py | class=None | function=current_async_library | line=205
2026-01-14 09:57:39,043 | CALL | file=venv\Lib\site-packages\anyio\_backends\_asyncio.py | class=None | function=checkpoint | line=2356
2026-01-14 09:57:39,043 | CALL | file=venv\Lib\site-packages\starlette\middleware\base.py | class=TraceMiddleware | function=coro | line=139
2026-01-14 09:57:39,043 | CALL | file=venv\Lib\site-packages\anyio\streams\memory.py | class=MemoryObjectSendStream | function=__enter__ | line=307
2026-01-14 09:57:39,043 | CALL | file=venv\Lib\site-packages\starlette\middleware\cors.py | class=CORSMiddleware | function=__call__ | line=75
2026-01-14 09:57:39,044 | CALL | file=venv\Lib\site-packages\starlette\datastructures.py | class=Headers | function=__init__ | line=507
2026-01-14 09:57:39,044 | CALL | file=<frozen _collections_abc> | class=Headers | function=get | line=804
2026-01-14 09:57:39,044 | CALL | file=venv\Lib\site-packages\starlette\datastructures.py | class=Headers | function=__getitem__ | line=546
2026-01-14 09:57:39,044 | CALL | file=venv\Lib\site-packages\starlette\middleware\exceptions.py | class=ExceptionMiddleware | function=__call__ | line=47
2026-01-14 09:57:39,044 | CALL | file=venv\Lib\site-packages\starlette\requests.py | class=Request | function=__init__ | line=203
2026-01-14 09:57:39,045 | CALL | file=venv\Lib\site-packages\starlette\requests.py | class=Request | function=__init__ | line=77
2026-01-14 09:57:39,045 | CALL | file=venv\Lib\site-packages\starlette\_exception_handler.py | class=None | function=wrap_app_handling_exceptions | line=23
2026-01-14 09:57:39,045 | CALL | file=venv\Lib\site-packages\starlette\_exception_handler.py | class=None | function=wrapped_app | line=31
2026-01-14 09:57:39,045 | CALL | file=venv\Lib\site-packages\fastapi\middleware\asyncexitstack.py | class=AsyncExitStackMiddleware | function=__call__ | line=15
2026-01-14 09:57:39,045 | CALL | file=venv\Lib\site-packages\starlette\routing.py | class=APIRouter | function=__call__ | line=712
2026-01-14 09:57:39,046 | CALL | file=venv\Lib\site-packages\starlette\routing.py | class=APIRouter | function=app | line=718
2026-01-14 09:57:39,046 | CALL | file=venv\Lib\site-packages\starlette\routing.py | class=Route | function=matches | line=252
2026-01-14 09:57:39,046 | CALL | file=venv\Lib\site-packages\starlette\_utils.py | class=None | function=get_route_path | line=88
2026-01-14 09:57:39,047 | CALL | file=venv\Lib\site-packages\starlette\routing.py | class=Route | function=matches | line=252
2026-01-14 09:57:39,047 | CALL | file=venv\Lib\site-packages\starlette\_utils.py | class=None | function=get_route_path | line=88
2026-01-14 09:57:39,047 | CALL | file=venv\Lib\site-packages\starlette\routing.py | class=Route | function=matches | line=252
2026-01-14 09:57:39,047 | CALL | file=venv\Lib\site-packages\starlette\_utils.py | class=None | function=get_route_path | line=88
2026-01-14 09:57:39,048 | CALL | file=venv\Lib\site-packages\starlette\routing.py | class=Route | function=matches | line=252
2026-01-14 09:57:39,048 | CALL | file=venv\Lib\site-packages\starlette\_utils.py | class=None | function=get_route_path | line=88
2026-01-14 09:57:39,048 | CALL | file=venv\Lib\site-packages\fastapi\routing.py | class=APIRoute | function=matches | line=657
2026-01-14 09:57:39,049 | CALL | file=venv\Lib\site-packages\starlette\routing.py | class=APIRoute | function=matches | line=252
2026-01-14 09:57:39,049 | CALL | file=venv\Lib\site-packages\starlette\_utils.py | class=None | function=get_route_path | line=88
2026-01-14 09:57:39,049 | CALL | file=venv\Lib\site-packages\fastapi\routing.py | class=APIRoute | function=matches | line=657
2026-01-14 09:57:39,049 | CALL | file=venv\Lib\site-packages\starlette\routing.py | class=APIRoute | function=matches | line=252
2026-01-14 09:57:39,049 | CALL | file=venv\Lib\site-packages\starlette\_utils.py | class=None | function=get_route_path | line=88
2026-01-14 09:57:39,049 | CALL | file=venv\Lib\site-packages\fastapi\routing.py | class=APIRoute | function=matches | line=657
2026-01-14 09:57:39,050 | CALL | file=venv\Lib\site-packages\starlette\routing.py | class=APIRoute | function=matches | line=252
2026-01-14 09:57:39,050 | CALL | file=venv\Lib\site-packages\starlette\_utils.py | class=None | function=get_route_path | line=88
2026-01-14 09:57:39,050 | CALL | file=venv\Lib\site-packages\starlette\routing.py | class=APIRoute | function=handle | line=281
2026-01-14 09:57:39,050 | CALL | file=venv\Lib\site-packages\fastapi\routing.py | class=None | function=app | line=91
2026-01-14 09:57:39,050 | CALL | file=venv\Lib\site-packages\starlette\requests.py | class=Request | function=__init__ | line=203
2026-01-14 09:57:39,050 | CALL | file=venv\Lib\site-packages\starlette\requests.py | class=Request | function=__init__ | line=77
2026-01-14 09:57:39,050 | CALL | file=venv\Lib\site-packages\starlette\_exception_handler.py | class=None | function=wrap_app_handling_exceptions | line=23
2026-01-14 09:57:39,050 | CALL | file=venv\Lib\site-packages\starlette\_exception_handler.py | class=None | function=wrapped_app | line=31
2026-01-14 09:57:39,050 | CALL | file=venv\Lib\site-packages\fastapi\routing.py | class=None | function=app | line=94
2026-01-14 09:57:39,052 | CALL | file=venv\Lib\site-packages\fastapi\routing.py | class=None | function=app | line=271
2026-01-14 09:57:39,052 | CALL | file=venv\Lib\site-packages\fastapi\routing.py | class=None | function=_extract_endpoint_context | line=167
2026-01-14 09:57:39,053 | CALL | file=<frozen codecs> | class=IncrementalDecoder | function=__init__ | line=309
2026-01-14 09:57:39,054 | CALL | file=<frozen codecs> | class=IncrementalDecoder | function=__init__ | line=260
2026-01-14 09:57:39,054 | CALL | file=<frozen codecs> | class=IncrementalDecoder | function=decode | line=319
2026-01-14 09:57:39,054 | CALL | file=<frozen codecs> | class=IncrementalDecoder | function=decode | line=319
2026-01-14 09:57:39,082 | CALL | file=venv\Lib\site-packages\starlette\requests.py | class=Request | function=method | line=212
2026-01-14 09:57:39,082 | CALL | file=venv\Lib\site-packages\starlette\requests.py | class=Request | function=body | line=240
2026-01-14 09:57:39,082 | CALL | file=venv\Lib\site-packages\starlette\requests.py | class=Request | function=stream | line=220
2026-01-14 09:57:39,083 | CALL | file=venv\Lib\site-packages\starlette\middleware\base.py | class=None | function=receive_or_disconnect | line=113
2026-01-14 09:57:39,083 | CALL | file=venv\Lib\site-packages\anyio\_backends\_asyncio.py | class=Event | function=is_set | line=1782
2026-01-14 09:57:39,084 | CALL | file=venv\Lib\site-packages\anyio\_core\_tasks.py | class=None | function=create_task_group | line=164
2026-01-14 09:57:39,084 | CALL | file=venv\Lib\site-packages\anyio\_core\_eventloop.py | class=None | function=get_async_backend | line=185
2026-01-14 09:57:39,084 | CALL | file=venv\Lib\site-packages\anyio\_core\_eventloop.py | class=None | function=current_async_library | line=205
2026-01-14 09:57:39,087 | CALL | file=venv\Lib\site-packages\anyio\_backends\_asyncio.py | class=None | function=create_task_group | line=2417
2026-01-14 09:57:39,087 | CALL | file=venv\Lib\site-packages\anyio\_backends\_asyncio.py | class=TaskGroup | function=__init__ | line=723
2026-01-14 09:57:39,088 | CALL | file=venv\Lib\site-packages\anyio\_backends\_asyncio.py | class=None | function=__new__ | line=396
2026-01-14 09:57:39,088 | CALL | file=venv\Lib\site-packages\anyio\_backends\_asyncio.py | class=CancelScope | function=__init__ | line=401
2026-01-14 09:57:39,088 | CALL | file=venv\Lib\site-packages\anyio\_backends\_asyncio.py | class=TaskGroup | function=__aenter__ | line=730
2026-01-14 09:57:39,089 | CALL | file=venv\Lib\site-packages\anyio\_backends\_asyncio.py | class=CancelScope | function=__enter__ | line=419
2026-01-14 09:57:39,089 | CALL | file=venv\Lib\site-packages\anyio\_backends\_asyncio.py | class=CancelScope | function=_timeout | line=548
2026-01-14 09:57:39,089 | CALL | file=venv\Lib\site-packages\anyio\_backends\_asyncio.py | class=TaskGroup | function=start_soon | line=898
2026-01-14 09:57:39,090 | CALL | file=venv\Lib\site-packages\anyio\_backends\_asyncio.py | class=TaskGroup | function=_spawn | line=798
2026-01-14 09:57:39,090 | CALL | file=venv\Lib\site-packages\anyio\_backends\_asyncio.py | class=None | function=get_callable_name | line=345
2026-01-14 09:57:39,090 | CALL | file=venv\Lib\site-packages\anyio\_backends\_asyncio.py | class=TaskState | function=__init__ | line=685
2026-01-14 09:57:39,091 | CALL | file=venv\Lib\site-packages\starlette\middleware\base.py | class=None | function=wrap | line=119
2026-01-14 09:57:39,091 | CALL | file=venv\Lib\site-packages\starlette\middleware\base.py | class=_CachedRequest | function=wrapped_receive | line=34
2026-01-14 09:57:39,091 | CALL | file=venv\Lib\site-packages\starlette\requests.py | class=_CachedRequest | function=stream | line=220
2026-01-14 09:57:39,091 | CALL | file=venv\Lib\site-packages\uvicorn\protocols\http\h11_impl.py | class=RequestResponseCycle | function=receive | line=528
2026-01-14 09:57:39,091 | CALL | file=venv\Lib\site-packages\uvicorn\protocols\http\flow_control.py | class=FlowControl | function=resume_reading | line=26
2026-01-14 09:57:39,092 | CALL | file=venv\Lib\site-packages\anyio\_backends\_asyncio.py | class=CancelScope | function=cancel | line=621
2026-01-14 09:57:39,092 | CALL | file=venv\Lib\site-packages\anyio\_backends\_asyncio.py | class=CancelScope | function=_deliver_cancellation | line=556
2026-01-14 09:57:39,100 | CALL | file=venv\Lib\site-packages\anyio\_backends\_asyncio.py | class=None | function=_task_started | line=358
2026-01-14 09:57:39,101 | CALL | file=venv\Lib\site-packages\anyio\_backends\_asyncio.py | class=TaskGroup | function=__aexit__ | line=735
2026-01-14 09:57:39,105 | CALL | file=venv\Lib\site-packages\anyio\_backends\_asyncio.py | class=None | function=__new__ | line=396
2026-01-14 09:57:39,105 | CALL | file=venv\Lib\site-packages\anyio\_backends\_asyncio.py | class=CancelScope | function=__init__ | line=401
2026-01-14 09:57:39,105 | CALL | file=venv\Lib\site-packages\anyio\_backends\_asyncio.py | class=CancelScope | function=__enter__ | line=419
2026-01-14 09:57:39,106 | CALL | file=venv\Lib\site-packages\anyio\_backends\_asyncio.py | class=CancelScope | function=_timeout | line=548
2026-01-14 09:57:39,106 | CALL | file=venv\Lib\site-packages\uvicorn\protocols\http\h11_impl.py | class=RequestResponseCycle | function=run_asgi | line=410
2026-01-14 09:57:39,106 | CALL | file=venv\Lib\site-packages\uvicorn\middleware\proxy_headers.py | class=ProxyHeadersMiddleware | function=__call__ | line=60
2026-01-14 09:57:39,106 | CALL | file=venv\Lib\site-packages\fastapi\applications.py | class=FastAPI | function=__call__ | line=1135
2026-01-14 09:57:39,107 | CALL | file=venv\Lib\site-packages\starlette\applications.py | class=FastAPI | function=__call__ | line=107
2026-01-14 09:57:39,107 | CALL | file=venv\Lib\site-packages\starlette\middleware\errors.py | class=ServerErrorMiddleware | function=__call__ | line=164
2026-01-14 09:57:39,107 | CALL | file=venv\Lib\site-packages\starlette\middleware\base.py | class=TraceMiddleware | function=__call__ | line=193
2026-01-14 09:57:39,108 | CALL | file=tracing\tracer.py | class=TraceMiddleware | function=dispatch | line=54
2026-01-14 09:57:39,108 | CALL | file=venv\Lib\site-packages\starlette\middleware\base.py | class=TraceMiddleware | function=call_next | line=151
2026-01-14 09:57:39,115 | CALL | file=venv\Lib\site-packages\anyio\streams\memory.py | class=MemoryObjectReceiveStream | function=receive | line=115
2026-01-14 09:57:39,115 | CALL | file=venv\Lib\site-packages\anyio\lowlevel.py | class=None | function=checkpoint | line=38
2026-01-14 09:57:39,116 | CALL | file=venv\Lib\site-packages\anyio\_backends\_asyncio.py | class=None | function=checkpoint | line=2358
2026-01-14 09:57:39,116 | CALL | file=venv\Lib\site-packages\anyio\streams\memory.py | class=MemoryObjectReceiveStream | function=receive_nowait | line=86
2026-01-14 09:57:39,116 | CALL | file=venv\Lib\site-packages\anyio\_core\_synchronization.py | class=None | function=__new__ | line=83
2026-01-14 09:57:39,116 | CALL | file=venv\Lib\site-packages\anyio\_core\_eventloop.py | class=None | function=get_async_backend | line=185
2026-01-14 09:57:39,116 | CALL | file=venv\Lib\site-packages\anyio\_core\_eventloop.py | class=None | function=current_async_library | line=205
2026-01-14 09:57:39,117 | CALL | file=venv\Lib\site-packages\anyio\_backends\_asyncio.py | class=None | function=create_event | line=2421
2026-01-14 09:57:39,117 | CALL | file=venv\Lib\site-packages\anyio\_backends\_asyncio.py | class=None | function=__new__ | line=1773
2026-01-14 09:57:39,118 | CALL | file=venv\Lib\site-packages\anyio\_backends\_asyncio.py | class=Event | function=__init__ | line=1776
2026-01-14 09:57:39,118 | CALL | file=venv\Lib\site-packages\anyio\_backends\_asyncio.py | class=Event | function=__init__ | line=1776
2026-01-14 09:57:39,118 | CALL | file=venv\Lib\site-packages\typing_extensions.py | class=None | function=_check_generic | line=3105
2026-01-14 09:57:39,119 | CALL | file=venv\Lib\site-packages\typing_extensions.py | class=None | function=_collect_parameters | line=3228
2026-01-14 09:57:39,119 | CALL | file=venv\Lib\site-packages\typing_extensions.py | class=None | function=_has_generic_or_protocol_as_origin | line=3143
2026-01-14 09:57:39,119 | CALL | file=<string> | class=_MemoryObjectItemReceiver | function=__init__ | line=2
2026-01-14 09:57:39,119 | CALL | file=venv\Lib\site-packages\anyio\_core\_testing.py | class=None | function=get_current_task | line=56
2026-01-14 09:57:39,119 | CALL | file=venv\Lib\site-packages\anyio\_core\_eventloop.py | class=None | function=get_async_backend | line=185
2026-01-14 09:57:39,120 | CALL | file=venv\Lib\site-packages\anyio\_core\_eventloop.py | class=None | function=current_async_library | line=205
2026-01-14 09:57:39,120 | CALL | file=venv\Lib\site-packages\anyio\_backends\_asyncio.py | class=None | function=get_current_task | line=2951
2026-01-14 09:57:39,120 | CALL | file=venv\Lib\site-packages\anyio\_backends\_asyncio.py | class=AsyncIOTaskInfo | function=__init__ | line=2125
2026-01-14 09:57:39,120 | CALL | file=venv\Lib\site-packages\anyio\_core\_testing.py | class=AsyncIOTaskInfo | function=__init__ | line=22
2026-01-14 09:57:39,121 | CALL | file=venv\Lib\site-packages\anyio\_backends\_asyncio.py | class=Event | function=wait | line=1785
2026-01-14 09:57:39,121 | CALL | file=venv\Lib\site-packages\anyio\_backends\_asyncio.py | class=Event | function=is_set | line=1782
2026-01-14 09:57:39,122 | CALL | file=venv\Lib\site-packages\starlette\middleware\base.py | class=None | function=wrap | line=119
2026-01-14 09:57:39,122 | CALL | file=venv\Lib\site-packages\anyio\_backends\_asyncio.py | class=Event | function=wait | line=1785
2026-01-14 09:57:39,122 | CALL | file=venv\Lib\site-packages\anyio\_backends\_asyncio.py | class=Event | function=is_set | line=1782
2026-01-14 09:57:39,123 | CALL | file=<frozen abc> | class=None | function=__instancecheck__ | line=117
2026-01-14 09:57:39,123 | CALL | file=<frozen abc> | class=None | function=__subclasscheck__ | line=121
2026-01-14 09:57:39,123 | CALL | file=<frozen _collections_abc> | class=None | function=__subclasshook__ | line=182
2026-01-14 09:57:39,123 | CALL | file=<frozen _collections_abc> | class=None | function=_check_methods | line=104
2026-01-14 09:57:39,124 | CALL | file=venv\Lib\site-packages\anyio\_backends\_asyncio.py | class=CancelScope | function=_deliver_cancellation | line=556
2026-01-14 09:57:39,124 | CALL | file=venv\Lib\site-packages\anyio\_backends\_asyncio.py | class=None | function=_task_started | line=358
2026-01-14 09:57:39,125 | CALL | file=venv\Lib\site-packages\anyio\_backends\_asyncio.py | class=CancelScope | function=cancel_called | line=652
2026-01-14 09:57:39,125 | CALL | file=venv\Lib\site-packages\anyio\_backends\_asyncio.py | class=CancelScope | function=_deliver_cancellation | line=556
2026-01-14 09:57:39,126 | CALL | file=venv\Lib\site-packages\starlette\requests.py | class=_CachedRequest | function=stream | line=234
2026-01-14 09:57:39,126 | CALL | file=venv\Lib\site-packages\anyio\_backends\_asyncio.py | class=Event | function=wait | line=1789
2026-01-14 09:57:39,126 | CALL | file=venv\Lib\site-packages\starlette\middleware\base.py | class=None | function=wrap | line=120
2026-01-14 09:57:39,128 | CALL | file=venv\Lib\site-packages\anyio\_backends\_asyncio.py | class=TaskGroup | function=__aexit__ | line=755
2026-01-14 09:57:39,129 | CALL | file=venv\Lib\site-packages\anyio\_backends\_asyncio.py | class=CancelScope | function=shield | line=664
2026-01-14 09:57:39,129 | CALL | file=venv\Lib\site-packages\anyio\_backends\_asyncio.py | class=CancelScope | function=cancel | line=621
2026-01-14 09:57:39,129 | CALL | file=venv\Lib\site-packages\anyio\_backends\_asyncio.py | class=CancelScope | function=_deliver_cancellation | line=556
2026-01-14 09:57:39,129 | CALL | file=venv\Lib\site-packages\anyio\_backends\_asyncio.py | class=None | function=_task_started | line=358
2026-01-14 09:57:39,130 | CALL | file=venv\Lib\site-packages\uvicorn\server.py | class=Server | function=serve | line=71
2026-01-14 09:57:39,130 | CALL | file=venv\Lib\site-packages\uvicorn\server.py | class=Server | function=_serve | line=89
2026-01-14 09:57:39,130 | CALL | file=venv\Lib\site-packages\uvicorn\server.py | class=Server | function=main_loop | line=230
2026-01-14 09:57:39,130 | CALL | file=venv\Lib\site-packages\uvicorn\server.py | class=Server | function=on_tick | line=233
2026-01-14 09:57:39,131 | CALL | file=venv\Lib\site-packages\anyio\_backends\_asyncio.py | class=TaskGroup | function=task_done | line=805
2026-01-14 09:57:39,131 | CALL | file=venv\Lib\site-packages\anyio\_backends\_asyncio.py | class=CancelScope | function=_effectively_cancelled | line=526
2026-01-14 09:57:39,132 | CALL | file=venv\Lib\site-packages\anyio\_backends\_asyncio.py | class=CancelScope | function=_deliver_cancellation | line=556
2026-01-14 09:57:39,132 | CALL | file=venv\Lib\site-packages\starlette\middleware\base.py | class=TraceMiddleware | function=coro | line=144
2026-01-14 09:57:39,132 | CALL | file=venv\Lib\site-packages\starlette\middleware\cors.py | class=CORSMiddleware | function=__call__ | line=85
2026-01-14 09:57:39,132 | CALL | file=venv\Lib\site-packages\starlette\middleware\exceptions.py | class=ExceptionMiddleware | function=__call__ | line=63
2026-01-14 09:57:39,132 | CALL | file=venv\Lib\site-packages\starlette\_exception_handler.py | class=None | function=wrapped_app | line=42
2026-01-14 09:57:39,133 | CALL | file=venv\Lib\site-packages\fastapi\middleware\asyncexitstack.py | class=AsyncExitStackMiddleware | function=__call__ | line=18
2026-01-14 09:57:39,133 | CALL | file=venv\Lib\site-packages\starlette\routing.py | class=APIRouter | function=__call__ | line=716
2026-01-14 09:57:39,133 | CALL | file=venv\Lib\site-packages\starlette\routing.py | class=APIRouter | function=app | line=736
2026-01-14 09:57:39,133 | CALL | file=venv\Lib\site-packages\starlette\routing.py | class=APIRoute | function=handle | line=290
2026-01-14 09:57:39,133 | CALL | file=venv\Lib\site-packages\fastapi\routing.py | class=None | function=app | line=115
2026-01-14 09:57:39,134 | CALL | file=venv\Lib\site-packages\starlette\_exception_handler.py | class=None | function=wrapped_app | line=42
2026-01-14 09:57:39,134 | CALL | file=venv\Lib\site-packages\fastapi\routing.py | class=None | function=app | line=101
2026-01-14 09:57:39,134 | CALL | file=venv\Lib\site-packages\fastapi\routing.py | class=None | function=app | line=298
2026-01-14 09:57:39,134 | CALL | file=venv\Lib\site-packages\starlette\requests.py | class=Request | function=body | line=243
2026-01-14 09:57:39,138 | CALL | file=venv\Lib\site-packages\starlette\requests.py | class=Request | function=stream | line=228
2026-01-14 09:57:39,138 | CALL | file=venv\Lib\site-packages\starlette\middleware\base.py | class=None | function=receive_or_disconnect | line=117
2026-01-14 09:57:39,138 | CALL | file=venv\Lib\site-packages\anyio\_backends\_asyncio.py | class=TaskGroup | function=__aexit__ | line=755
2026-01-14 09:57:39,139 | CALL | file=venv\Lib\site-packages\anyio\_backends\_asyncio.py | class=CancelScope | function=__exit__ | line=450
2026-01-14 09:57:39,139 | CALL | file=venv\Lib\site-packages\anyio\_backends\_asyncio.py | class=CancelScope | function=_restart_cancellation_in_parent | line=602
2026-01-14 09:57:39,139 | CALL | file=venv\Lib\site-packages\anyio\_backends\_asyncio.py | class=CancelScope | function=_deliver_cancellation | line=556
2026-01-14 09:57:39,140 | CALL | file=venv\Lib\site-packages\anyio\_backends\_asyncio.py | class=CancelScope | function=__exit__ | line=450
2026-01-14 09:57:39,140 | CALL | file=venv\Lib\site-packages\anyio\_backends\_asyncio.py | class=CancelScope | function=_restart_cancellation_in_parent | line=602
2026-01-14 09:57:39,140 | CALL | file=venv\Lib\site-packages\anyio\_backends\_asyncio.py | class=CancelScope | function=_parent_cancellation_is_visible_to_us | line=540
2026-01-14 09:57:39,141 | CALL | file=venv\Lib\site-packages\anyio\_backends\_asyncio.py | class=CancelScope | function=shield | line=660
2026-01-14 09:57:39,141 | CALL | file=venv\Lib\site-packages\anyio\_backends\_asyncio.py | class=CancelScope | function=_effectively_cancelled | line=526
2026-01-14 09:57:39,141 | CALL | file=venv\Lib\site-packages\anyio\_backends\_asyncio.py | class=CancelScope | function=shield | line=660
2026-01-14 09:57:39,141 | CALL | file=venv\Lib\site-packages\anyio\_core\_exceptions.py | class=None | function=iterate_exceptions | line=83
2026-01-14 09:57:39,142 | CALL | file=venv\Lib\site-packages\anyio\_backends\_asyncio.py | class=None | function=is_anyio_cancellation | line=376
2026-01-14 09:57:39,142 | CALL | file=venv\Lib\site-packages\anyio\_core\_exceptions.py | class=None | function=iterate_exceptions | line=90
2026-01-14 09:57:39,142 | CALL | file=venv\Lib\site-packages\anyio\_backends\_asyncio.py | class=Event | function=is_set | line=1782
2026-01-14 09:57:39,142 | CALL | file=venv\Lib\site-packages\starlette\requests.py | class=Request | function=stream | line=234
2026-01-14 09:57:39,143 | CALL | file=venv\Lib\site-packages\starlette\requests.py | class=Request | function=stream | line=238
2026-01-14 09:57:39,145 | CALL | file=venv\Lib\site-packages\starlette\requests.py | class=Request | function=headers | line=123
2026-01-14 09:57:39,145 | CALL | file=venv\Lib\site-packages\starlette\datastructures.py | class=Headers | function=__init__ | line=507
2026-01-14 09:57:39,145 | CALL | file=<frozen _collections_abc> | class=Headers | function=get | line=804
2026-01-14 09:57:39,146 | CALL | file=venv\Lib\site-packages\starlette\datastructures.py | class=Headers | function=__getitem__ | line=546
2026-01-14 09:57:39,146 | CALL | file=venv\Lib\site-packages\starlette\requests.py | class=Request | function=json | line=248
2026-01-14 09:57:39,146 | CALL | file=venv\Lib\site-packages\starlette\requests.py | class=Request | function=body | line=240
2026-01-14 09:57:39,147 | CALL | file=venv\Lib\site-packages\fastapi\dependencies\utils.py | class=None | function=solve_dependencies | line=563
2026-01-14 09:57:39,147 | CALL | file=venv\Lib\site-packages\starlette\responses.py | class=Response | function=__init__ | line=34
2026-01-14 09:57:39,147 | CALL | file=venv\Lib\site-packages\starlette\responses.py | class=Response | function=render | line=49
2026-01-14 09:57:39,147 | CALL | file=venv\Lib\site-packages\starlette\responses.py | class=Response | function=init_headers | line=56
2026-01-14 09:57:39,147 | CALL | file=venv\Lib\site-packages\starlette\responses.py | class=Response | function=headers | line=84
2026-01-14 09:57:39,147 | CALL | file=venv\Lib\site-packages\starlette\datastructures.py | class=MutableHeaders | function=__init__ | line=507
2026-01-14 09:57:39,148 | CALL | file=venv\Lib\site-packages\starlette\datastructures.py | class=MutableHeaders | function=__delitem__ | line=602
2026-01-14 09:57:39,148 | CALL | file=venv\Lib\site-packages\fastapi\dependencies\utils.py | class=None | function=solve_dependencies | line=563
2026-01-14 09:57:39,148 | CALL | file=venv\Lib\site-packages\starlette\requests.py | class=Request | function=path_params | line=135
2026-01-14 09:57:39,148 | CALL | file=venv\Lib\site-packages\fastapi\dependencies\utils.py | class=None | function=request_params_to_args | line=743
2026-01-14 09:57:39,149 | CALL | file=venv\Lib\site-packages\starlette\requests.py | class=Request | function=query_params | line=129
2026-01-14 09:57:39,149 | CALL | file=venv\Lib\site-packages\starlette\datastructures.py | class=QueryParams | function=__init__ | line=385
2026-01-14 09:57:39,149 | CALL | file=venv\Lib\site-packages\starlette\datastructures.py | class=QueryParams | function=__init__ | line=258
2026-01-14 09:57:39,149 | CALL | file=venv\Lib\site-packages\fastapi\dependencies\utils.py | class=None | function=request_params_to_args | line=743
2026-01-14 09:57:39,149 | CALL | file=venv\Lib\site-packages\starlette\requests.py | class=Request | function=headers | line=123
2026-01-14 09:57:39,150 | CALL | file=venv\Lib\site-packages\fastapi\dependencies\utils.py | class=None | function=request_params_to_args | line=743
2026-01-14 09:57:39,150 | CALL | file=venv\Lib\site-packages\starlette\requests.py | class=Request | function=cookies | line=139
2026-01-14 09:57:39,150 | CALL | file=venv\Lib\site-packages\starlette\requests.py | class=Request | function=headers | line=123
2026-01-14 09:57:39,150 | CALL | file=venv\Lib\site-packages\starlette\datastructures.py | class=Headers | function=getlist | line=539
2026-01-14 09:57:39,151 | CALL | file=venv\Lib\site-packages\fastapi\dependencies\utils.py | class=None | function=request_params_to_args | line=743
2026-01-14 09:57:39,151 | CALL | file=<string> | class=SolvedDependency | function=__init__ | line=2
2026-01-14 09:57:39,151 | CALL | file=venv\Lib\site-packages\fastapi\dependencies\utils.py | class=None | function=_solve_generator | line=543
2026-01-14 09:57:39,152 | CALL | file=venv\Lib\site-packages\fastapi\dependencies\models.py | class=Dependant | function=is_async_gen_callable | line=131
2026-01-14 09:57:39,152 | CALL | file=venv\Lib\site-packages\fastapi\dependencies\models.py | class=None | function=_impartial | line=25
2026-01-14 09:57:39,152 | CALL | file=venv\Lib\site-packages\fastapi\dependencies\models.py | class=None | function=_unwrapped_call | line=18
2026-01-14 09:57:39,152 | CALL | file=venv\Lib\site-packages\fastapi\dependencies\models.py | class=None | function=_impartial | line=25
2026-01-14 09:57:39,152 | CALL | file=venv\Lib\site-packages\fastapi\dependencies\models.py | class=None | function=_unwrapped_call | line=18
2026-01-14 09:57:39,153 | CALL | file=venv\Lib\site-packages\fastapi\dependencies\models.py | class=None | function=_impartial | line=25
2026-01-14 09:57:39,153 | CALL | file=venv\Lib\site-packages\fastapi\dependencies\models.py | class=None | function=_impartial | line=25
2026-01-14 09:57:39,153 | CALL | file=venv\Lib\site-packages\fastapi\dependencies\models.py | class=None | function=_impartial | line=25
2026-01-14 09:57:39,153 | CALL | file=venv\Lib\site-packages\fastapi\dependencies\models.py | class=None | function=_unwrapped_call | line=18
2026-01-14 09:57:39,154 | CALL | file=venv\Lib\site-packages\fastapi\dependencies\models.py | class=None | function=_impartial | line=25
2026-01-14 09:57:39,154 | CALL | file=venv\Lib\site-packages\fastapi\dependencies\models.py | class=None | function=_unwrapped_call | line=18
2026-01-14 09:57:39,154 | CALL | file=venv\Lib\site-packages\fastapi\dependencies\models.py | class=None | function=_impartial | line=25
2026-01-14 09:57:39,155 | CALL | file=venv\Lib\site-packages\fastapi\dependencies\models.py | class=None | function=_impartial | line=25
2026-01-14 09:57:39,155 | CALL | file=venv\Lib\site-packages\fastapi\dependencies\models.py | class=None | function=_unwrapped_call | line=18
2026-01-14 09:57:39,156 | CALL | file=venv\Lib\site-packages\fastapi\dependencies\models.py | class=None | function=_impartial | line=25
2026-01-14 09:57:39,156 | CALL | file=venv\Lib\site-packages\fastapi\concurrency.py | class=None | function=contextmanager_in_threadpool | line=17
2026-01-14 09:57:39,158 | CALL | file=venv\Lib\site-packages\anyio\_core\_synchronization.py | class=None | function=__new__ | line=513
2026-01-14 09:57:39,159 | CALL | file=venv\Lib\site-packages\anyio\_core\_eventloop.py | class=None | function=get_async_backend | line=185
2026-01-14 09:57:39,159 | CALL | file=venv\Lib\site-packages\anyio\_core\_eventloop.py | class=None | function=current_async_library | line=205
2026-01-14 09:57:39,159 | CALL | file=venv\Lib\site-packages\anyio\_backends\_asyncio.py | class=None | function=create_capacity_limiter | line=2439
2026-01-14 09:57:39,166 | CALL | file=venv\Lib\site-packages\anyio\_backends\_asyncio.py | class=None | function=__new__ | line=1953
2026-01-14 09:57:39,166 | CALL | file=venv\Lib\site-packages\anyio\_backends\_asyncio.py | class=CapacityLimiter | function=__init__ | line=1956
2026-01-14 09:57:39,167 | CALL | file=venv\Lib\site-packages\anyio\_backends\_asyncio.py | class=CapacityLimiter | function=total_tokens | line=1976
2026-01-14 09:57:39,167 | CALL | file=venv\Lib\site-packages\anyio\_backends\_asyncio.py | class=CapacityLimiter | function=__init__ | line=1956
2026-01-14 09:57:39,168 | CALL | file=venv\Lib\site-packages\anyio\_backends\_asyncio.py | class=CapacityLimiter | function=total_tokens | line=1976
2026-01-14 09:57:39,169 | CALL | file=venv\Lib\site-packages\starlette\concurrency.py | class=None | function=run_in_threadpool | line=30
2026-01-14 09:57:39,169 | CALL | file=venv\Lib\site-packages\anyio\to_thread.py | class=None | function=run_sync | line=25
2026-01-14 09:57:39,169 | CALL | file=venv\Lib\site-packages\anyio\_core\_eventloop.py | class=None | function=get_async_backend | line=185
2026-01-14 09:57:39,169 | CALL | file=venv\Lib\site-packages\anyio\_core\_eventloop.py | class=None | function=current_async_library | line=205
2026-01-14 09:57:39,169 | CALL | file=venv\Lib\site-packages\anyio\_backends\_asyncio.py | class=None | function=run_sync_in_worker_thread | line=2443
2026-01-14 09:57:39,170 | CALL | file=venv\Lib\site-packages\anyio\_backends\_asyncio.py | class=None | function=checkpoint | line=2356
2026-01-14 09:57:39,170 | CALL | file=venv\Lib\site-packages\anyio\_backends\_asyncio.py | class=CancelScope | function=_deliver_cancellation | line=556
2026-01-14 09:57:39,170 | CALL | file=venv\Lib\site-packages\starlette\middleware\base.py | class=TraceMiddleware | function=coro | line=144
2026-01-14 09:57:39,170 | CALL | file=venv\Lib\site-packages\starlette\middleware\cors.py | class=CORSMiddleware | function=__call__ | line=85
2026-01-14 09:57:39,170 | CALL | file=venv\Lib\site-packages\starlette\middleware\exceptions.py | class=ExceptionMiddleware | function=__call__ | line=63
2026-01-14 09:57:39,171 | CALL | file=venv\Lib\site-packages\starlette\_exception_handler.py | class=None | function=wrapped_app | line=42
2026-01-14 09:57:39,172 | CALL | file=venv\Lib\site-packages\fastapi\middleware\asyncexitstack.py | class=AsyncExitStackMiddleware | function=__call__ | line=18
2026-01-14 09:57:39,172 | CALL | file=venv\Lib\site-packages\starlette\routing.py | class=APIRouter | function=__call__ | line=716
2026-01-14 09:57:39,172 | CALL | file=venv\Lib\site-packages\starlette\routing.py | class=APIRouter | function=app | line=736
2026-01-14 09:57:39,172 | CALL | file=venv\Lib\site-packages\starlette\routing.py | class=APIRoute | function=handle | line=290
2026-01-14 09:57:39,173 | CALL | file=venv\Lib\site-packages\fastapi\routing.py | class=None | function=app | line=115
2026-01-14 09:57:39,173 | CALL | file=venv\Lib\site-packages\starlette\_exception_handler.py | class=None | function=wrapped_app | line=42
2026-01-14 09:57:39,173 | CALL | file=venv\Lib\site-packages\fastapi\routing.py | class=None | function=app | line=101
2026-01-14 09:57:39,173 | CALL | file=venv\Lib\site-packages\fastapi\routing.py | class=None | function=app | line=345
2026-01-14 09:57:39,173 | CALL | file=venv\Lib\site-packages\fastapi\dependencies\utils.py | class=None | function=solve_dependencies | line=637
2026-01-14 09:57:39,173 | CALL | file=venv\Lib\site-packages\fastapi\dependencies\utils.py | class=None | function=_solve_generator | line=551
2026-01-14 09:57:39,174 | CALL | file=venv\Lib\site-packages\fastapi\concurrency.py | class=None | function=contextmanager_in_threadpool | line=29
2026-01-14 09:57:39,174 | CALL | file=venv\Lib\site-packages\starlette\concurrency.py | class=None | function=run_in_threadpool | line=32
2026-01-14 09:57:39,174 | CALL | file=venv\Lib\site-packages\anyio\to_thread.py | class=None | function=run_sync | line=63
2026-01-14 09:57:39,174 | CALL | file=venv\Lib\site-packages\anyio\_backends\_asyncio.py | class=None | function=run_sync_in_worker_thread | line=2451
2026-01-14 09:57:39,174 | CALL | file=venv\Lib\site-packages\anyio\_backends\_asyncio.py | class=None | function=checkpoint | line=2358
2026-01-14 09:57:39,175 | CALL | file=venv\Lib\site-packages\anyio\lowlevel.py | class=RunVar | function=get | line=157
2026-01-14 09:57:39,175 | CALL | file=venv\Lib\site-packages\anyio\lowlevel.py | class=RunVar | function=_current_vars | line=142
2026-01-14 09:57:39,175 | CALL | file=venv\Lib\site-packages\anyio\lowlevel.py | class=None | function=current_token | line=81
2026-01-14 09:57:39,176 | CALL | file=venv\Lib\site-packages\anyio\_core\_eventloop.py | class=None | function=get_async_backend | line=185
2026-01-14 09:57:39,176 | CALL | file=venv\Lib\site-packages\anyio\_core\_eventloop.py | class=None | function=current_async_library | line=205
2026-01-14 09:57:39,176 | CALL | file=venv\Lib\site-packages\anyio\_backends\_asyncio.py | class=None | function=current_token | line=2344
2026-01-14 09:57:39,177 | CALL | file=<string> | class=EventLoopToken | function=__init__ | line=2
2026-01-14 09:57:39,177 | CALL | file=venv\Lib\site-packages\anyio\lowlevel.py | class=RunVar | function=set | line=172
2026-01-14 09:57:39,178 | CALL | file=venv\Lib\site-packages\anyio\lowlevel.py | class=RunVar | function=_current_vars | line=142
2026-01-14 09:57:39,178 | CALL | file=venv\Lib\site-packages\anyio\lowlevel.py | class=None | function=current_token | line=81
2026-01-14 09:57:39,178 | CALL | file=venv\Lib\site-packages\anyio\_core\_eventloop.py | class=None | function=get_async_backend | line=185
2026-01-14 09:57:39,178 | CALL | file=venv\Lib\site-packages\anyio\_core\_eventloop.py | class=None | function=current_async_library | line=205
2026-01-14 09:57:39,178 | CALL | file=venv\Lib\site-packages\anyio\_backends\_asyncio.py | class=None | function=current_token | line=2344
2026-01-14 09:57:39,179 | CALL | file=<string> | class=EventLoopToken | function=__init__ | line=2
2026-01-14 09:57:39,179 | CALL | file=venv\Lib\site-packages\anyio\lowlevel.py | class=RunvarToken | function=__init__ | line=107
2026-01-14 09:57:39,179 | CALL | file=venv\Lib\site-packages\anyio\lowlevel.py | class=RunVar | function=set | line=172
2026-01-14 09:57:39,179 | CALL | file=venv\Lib\site-packages\anyio\lowlevel.py | class=RunVar | function=_current_vars | line=142
2026-01-14 09:57:39,179 | CALL | file=venv\Lib\site-packages\anyio\lowlevel.py | class=None | function=current_token | line=81
2026-01-14 09:57:39,180 | CALL | file=venv\Lib\site-packages\anyio\_core\_eventloop.py | class=None | function=get_async_backend | line=185
2026-01-14 09:57:39,180 | CALL | file=venv\Lib\site-packages\anyio\_core\_eventloop.py | class=None | function=current_async_library | line=205
2026-01-14 09:57:39,180 | CALL | file=venv\Lib\site-packages\anyio\_backends\_asyncio.py | class=None | function=current_token | line=2344
2026-01-14 09:57:39,180 | CALL | file=<string> | class=EventLoopToken | function=__init__ | line=2
2026-01-14 09:57:39,181 | CALL | file=venv\Lib\site-packages\anyio\lowlevel.py | class=RunvarToken | function=__init__ | line=107
2026-01-14 09:57:39,181 | CALL | file=venv\Lib\site-packages\anyio\_backends\_asyncio.py | class=None | function=current_default_thread_limiter | line=2936
2026-01-14 09:57:39,181 | CALL | file=venv\Lib\site-packages\anyio\lowlevel.py | class=RunVar | function=get | line=157
2026-01-14 09:57:39,181 | CALL | file=venv\Lib\site-packages\anyio\lowlevel.py | class=RunVar | function=_current_vars | line=142
2026-01-14 09:57:39,182 | CALL | file=venv\Lib\site-packages\anyio\lowlevel.py | class=None | function=current_token | line=81
2026-01-14 09:57:39,182 | CALL | file=venv\Lib\site-packages\anyio\_core\_eventloop.py | class=None | function=get_async_backend | line=185
2026-01-14 09:57:39,182 | CALL | file=venv\Lib\site-packages\anyio\_core\_eventloop.py | class=None | function=current_async_library | line=205
2026-01-14 09:57:39,182 | CALL | file=venv\Lib\site-packages\anyio\_backends\_asyncio.py | class=None | function=current_token | line=2344
2026-01-14 09:57:39,183 | CALL | file=<string> | class=EventLoopToken | function=__init__ | line=2
2026-01-14 09:57:39,183 | CALL | file=venv\Lib\site-packages\anyio\_backends\_asyncio.py | class=None | function=__new__ | line=1953
2026-01-14 09:57:39,183 | CALL | file=venv\Lib\site-packages\anyio\_backends\_asyncio.py | class=CapacityLimiter | function=__init__ | line=1956
2026-01-14 09:57:39,186 | CALL | file=venv\Lib\site-packages\anyio\_backends\_asyncio.py | class=CapacityLimiter | function=total_tokens | line=1976
2026-01-14 09:57:39,186 | CALL | file=venv\Lib\site-packages\anyio\lowlevel.py | class=RunVar | function=set | line=172
2026-01-14 09:57:39,186 | CALL | file=venv\Lib\site-packages\anyio\lowlevel.py | class=RunVar | function=_current_vars | line=142
2026-01-14 09:57:39,186 | CALL | file=venv\Lib\site-packages\anyio\lowlevel.py | class=None | function=current_token | line=81
2026-01-14 09:57:39,186 | CALL | file=venv\Lib\site-packages\anyio\_core\_eventloop.py | class=None | function=get_async_backend | line=185
2026-01-14 09:57:39,189 | CALL | file=venv\Lib\site-packages\anyio\_core\_eventloop.py | class=None | function=current_async_library | line=205
2026-01-14 09:57:39,189 | CALL | file=venv\Lib\site-packages\anyio\_backends\_asyncio.py | class=None | function=current_token | line=2344
2026-01-14 09:57:39,190 | CALL | file=<string> | class=EventLoopToken | function=__init__ | line=2
2026-01-14 09:57:39,190 | CALL | file=venv\Lib\site-packages\anyio\lowlevel.py | class=RunvarToken | function=__init__ | line=107
2026-01-14 09:57:39,190 | CALL | file=venv\Lib\site-packages\anyio\_backends\_asyncio.py | class=CapacityLimiter | function=__aenter__ | line=1961
2026-01-14 09:57:39,191 | CALL | file=venv\Lib\site-packages\anyio\_backends\_asyncio.py | class=CapacityLimiter | function=acquire | line=2021
2026-01-14 09:57:39,191 | CALL | file=venv\Lib\site-packages\anyio\_backends\_asyncio.py | class=CapacityLimiter | function=acquire_on_behalf_of | line=2024
2026-01-14 09:57:39,191 | CALL | file=venv\Lib\site-packages\anyio\_backends\_asyncio.py | class=None | function=checkpoint_if_cancelled | line=2360
2026-01-14 09:57:39,192 | CALL | file=venv\Lib\site-packages\anyio\_backends\_asyncio.py | class=CancelScope | function=cancel_called | line=652
2026-01-14 09:57:39,192 | CALL | file=venv\Lib\site-packages\anyio\_backends\_asyncio.py | class=CancelScope | function=shield | line=660
2026-01-14 09:57:39,192 | CALL | file=venv\Lib\site-packages\anyio\_backends\_asyncio.py | class=CapacityLimiter | function=acquire_on_behalf_of_nowait | line=2010
2026-01-14 09:57:39,192 | CALL | file=venv\Lib\site-packages\anyio\_backends\_asyncio.py | class=None | function=cancel_shielded_checkpoint | line=2379
2026-01-14 09:57:39,193 | CALL | file=venv\Lib\site-packages\anyio\_backends\_asyncio.py | class=None | function=__new__ | line=396
2026-01-14 09:57:39,193 | CALL | file=venv\Lib\site-packages\anyio\_backends\_asyncio.py | class=CancelScope | function=__init__ | line=401
2026-01-14 09:57:39,193 | CALL | file=venv\Lib\site-packages\anyio\_backends\_asyncio.py | class=CancelScope | function=__enter__ | line=419
2026-01-14 09:57:39,194 | CALL | file=venv\Lib\site-packages\anyio\_backends\_asyncio.py | class=CancelScope | function=_timeout | line=548
2026-01-14 09:57:39,194 | CALL | file=venv\Lib\site-packages\starlette\middleware\base.py | class=TraceMiddleware | function=coro | line=144
2026-01-14 09:57:39,194 | CALL | file=venv\Lib\site-packages\starlette\middleware\cors.py | class=CORSMiddleware | function=__call__ | line=85
2026-01-14 09:57:39,194 | CALL | file=venv\Lib\site-packages\starlette\middleware\exceptions.py | class=ExceptionMiddleware | function=__call__ | line=63
2026-01-14 09:57:39,195 | CALL | file=venv\Lib\site-packages\starlette\_exception_handler.py | class=None | function=wrapped_app | line=42
2026-01-14 09:57:39,195 | CALL | file=venv\Lib\site-packages\fastapi\middleware\asyncexitstack.py | class=AsyncExitStackMiddleware | function=__call__ | line=18
2026-01-14 09:57:39,195 | CALL | file=venv\Lib\site-packages\starlette\routing.py | class=APIRouter | function=__call__ | line=716
2026-01-14 09:57:39,195 | CALL | file=venv\Lib\site-packages\starlette\routing.py | class=APIRouter | function=app | line=736
2026-01-14 09:57:39,196 | CALL | file=venv\Lib\site-packages\starlette\routing.py | class=APIRoute | function=handle | line=290
2026-01-14 09:57:39,196 | CALL | file=venv\Lib\site-packages\fastapi\routing.py | class=None | function=app | line=115
2026-01-14 09:57:39,196 | CALL | file=venv\Lib\site-packages\starlette\_exception_handler.py | class=None | function=wrapped_app | line=42
2026-01-14 09:57:39,196 | CALL | file=venv\Lib\site-packages\fastapi\routing.py | class=None | function=app | line=101
2026-01-14 09:57:39,197 | CALL | file=venv\Lib\site-packages\fastapi\routing.py | class=None | function=app | line=345
2026-01-14 09:57:39,197 | CALL | file=venv\Lib\site-packages\fastapi\dependencies\utils.py | class=None | function=solve_dependencies | line=637
2026-01-14 09:57:39,197 | CALL | file=venv\Lib\site-packages\fastapi\dependencies\utils.py | class=None | function=_solve_generator | line=551
2026-01-14 09:57:39,198 | CALL | file=venv\Lib\site-packages\fastapi\concurrency.py | class=None | function=contextmanager_in_threadpool | line=29
2026-01-14 09:57:39,198 | CALL | file=venv\Lib\site-packages\starlette\concurrency.py | class=None | function=run_in_threadpool | line=32
2026-01-14 09:57:39,198 | CALL | file=venv\Lib\site-packages\anyio\to_thread.py | class=None | function=run_sync | line=63
2026-01-14 09:57:39,198 | CALL | file=venv\Lib\site-packages\anyio\_backends\_asyncio.py | class=None | function=run_sync_in_worker_thread | line=2464
2026-01-14 09:57:39,199 | CALL | file=venv\Lib\site-packages\anyio\_backends\_asyncio.py | class=CapacityLimiter | function=__aenter__ | line=1962
2026-01-14 09:57:39,199 | CALL | file=venv\Lib\site-packages\anyio\_backends\_asyncio.py | class=CapacityLimiter | function=acquire | line=2022
2026-01-14 09:57:39,199 | CALL | file=venv\Lib\site-packages\anyio\_backends\_asyncio.py | class=CapacityLimiter | function=acquire_on_behalf_of | line=2043
2026-01-14 09:57:39,199 | CALL | file=venv\Lib\site-packages\anyio\_backends\_asyncio.py | class=None | function=cancel_shielded_checkpoint | line=2382
2026-01-14 09:57:39,200 | CALL | file=venv\Lib\site-packages\anyio\_backends\_asyncio.py | class=CancelScope | function=__exit__ | line=450
2026-01-14 09:57:39,200 | CALL | file=venv\Lib\site-packages\anyio\_backends\_asyncio.py | class=CancelScope | function=_restart_cancellation_in_parent | line=602
2026-01-14 09:57:39,201 | CALL | file=venv\Lib\site-packages\anyio\_backends\_asyncio.py | class=None | function=__new__ | line=396
2026-01-14 09:57:39,201 | CALL | file=venv\Lib\site-packages\anyio\_backends\_asyncio.py | class=CancelScope | function=__init__ | line=401
2026-01-14 09:57:39,201 | CALL | file=venv\Lib\site-packages\anyio\_backends\_asyncio.py | class=CancelScope | function=__enter__ | line=419
2026-01-14 09:57:39,201 | CALL | file=venv\Lib\site-packages\anyio\_backends\_asyncio.py | class=CancelScope | function=_timeout | line=548
2026-01-14 09:57:39,201 | CALL | file=venv\Lib\site-packages\anyio\_backends\_asyncio.py | class=None | function=find_root_task | line=314
2026-01-14 09:57:39,201 | CALL | file=venv\Lib\site-packages\anyio\lowlevel.py | class=RunVar | function=get | line=157
2026-01-14 09:57:39,201 | CALL | file=venv\Lib\site-packages\anyio\lowlevel.py | class=RunVar | function=_current_vars | line=142
2026-01-14 09:57:39,201 | CALL | file=venv\Lib\site-packages\anyio\lowlevel.py | class=None | function=current_token | line=81
2026-01-14 09:57:39,204 | CALL | file=venv\Lib\site-packages\anyio\_core\_eventloop.py | class=None | function=get_async_backend | line=185
2026-01-14 09:57:39,204 | CALL | file=venv\Lib\site-packages\anyio\_core\_eventloop.py | class=None | function=current_async_library | line=205
2026-01-14 09:57:39,204 | CALL | file=venv\Lib\site-packages\anyio\_backends\_asyncio.py | class=None | function=current_token | line=2344
2026-01-14 09:57:39,204 | CALL | file=<string> | class=EventLoopToken | function=__init__ | line=2
2026-01-14 09:57:39,205 | CALL | file=venv\Lib\site-packages\anyio\lowlevel.py | class=RunVar | function=set | line=172
2026-01-14 09:57:39,205 | CALL | file=venv\Lib\site-packages\anyio\lowlevel.py | class=RunVar | function=_current_vars | line=142
2026-01-14 09:57:39,205 | CALL | file=venv\Lib\site-packages\anyio\lowlevel.py | class=None | function=current_token | line=81
2026-01-14 09:57:39,205 | CALL | file=venv\Lib\site-packages\anyio\_core\_eventloop.py | class=None | function=get_async_backend | line=185
2026-01-14 09:57:39,206 | CALL | file=venv\Lib\site-packages\anyio\_core\_eventloop.py | class=None | function=current_async_library | line=205
2026-01-14 09:57:39,216 | CALL | file=venv\Lib\site-packages\anyio\_backends\_asyncio.py | class=None | function=current_token | line=2344
2026-01-14 09:57:39,218 | CALL | file=<string> | class=EventLoopToken | function=__init__ | line=2
2026-01-14 09:57:39,219 | CALL | file=venv\Lib\site-packages\anyio\lowlevel.py | class=RunvarToken | function=__init__ | line=107
2026-01-14 09:57:39,219 | CALL | file=venv\Lib\site-packages\anyio\_backends\_asyncio.py | class=WorkerThread | function=__init__ | line=937
2026-01-14 09:57:39,219 | CALL | file=venv\Lib\site-packages\anyio\_backends\_asyncio.py | class=None | function=current_time | line=2348
2026-01-14 09:57:39,265 | CALL | file=venv\Lib\site-packages\anyio\_core\_eventloop.py | class=None | function=set_current_async_library | line=224
2026-01-14 09:57:39,266 | CALL | file=venv\Lib\site-packages\anyio\_backends\_asyncio.py | class=WorkerThread | function=_report_result | line=954
2026-01-14 09:57:39,268 | CALL | file=venv\Lib\site-packages\anyio\_backends\_asyncio.py | class=None | function=current_time | line=2348
2026-01-14 09:57:39,268 | CALL | file=venv\Lib\site-packages\starlette\middleware\base.py | class=TraceMiddleware | function=coro | line=144
2026-01-14 09:57:39,269 | CALL | file=venv\Lib\site-packages\starlette\middleware\cors.py | class=CORSMiddleware | function=__call__ | line=85
2026-01-14 09:57:39,269 | CALL | file=venv\Lib\site-packages\starlette\middleware\exceptions.py | class=ExceptionMiddleware | function=__call__ | line=63
2026-01-14 09:57:39,269 | CALL | file=venv\Lib\site-packages\starlette\_exception_handler.py | class=None | function=wrapped_app | line=42
2026-01-14 09:57:39,269 | CALL | file=venv\Lib\site-packages\fastapi\middleware\asyncexitstack.py | class=AsyncExitStackMiddleware | function=__call__ | line=18
2026-01-14 09:57:39,269 | CALL | file=venv\Lib\site-packages\starlette\routing.py | class=APIRouter | function=__call__ | line=716
2026-01-14 09:57:39,269 | CALL | file=venv\Lib\site-packages\starlette\routing.py | class=APIRouter | function=app | line=736
2026-01-14 09:57:39,270 | CALL | file=venv\Lib\site-packages\starlette\routing.py | class=APIRoute | function=handle | line=290
2026-01-14 09:57:39,270 | CALL | file=venv\Lib\site-packages\fastapi\routing.py | class=None | function=app | line=115
2026-01-14 09:57:39,270 | CALL | file=venv\Lib\site-packages\starlette\_exception_handler.py | class=None | function=wrapped_app | line=42
2026-01-14 09:57:39,270 | CALL | file=venv\Lib\site-packages\fastapi\routing.py | class=None | function=app | line=101
2026-01-14 09:57:39,271 | CALL | file=venv\Lib\site-packages\fastapi\routing.py | class=None | function=app | line=345
2026-01-14 09:57:39,271 | CALL | file=venv\Lib\site-packages\fastapi\dependencies\utils.py | class=None | function=solve_dependencies | line=637
2026-01-14 09:57:39,271 | CALL | file=venv\Lib\site-packages\fastapi\dependencies\utils.py | class=None | function=_solve_generator | line=551
2026-01-14 09:57:39,271 | CALL | file=venv\Lib\site-packages\fastapi\concurrency.py | class=None | function=contextmanager_in_threadpool | line=29
2026-01-14 09:57:39,272 | CALL | file=venv\Lib\site-packages\starlette\concurrency.py | class=None | function=run_in_threadpool | line=32
2026-01-14 09:57:39,272 | CALL | file=venv\Lib\site-packages\anyio\to_thread.py | class=None | function=run_sync | line=63
2026-01-14 09:57:39,272 | CALL | file=venv\Lib\site-packages\anyio\_backends\_asyncio.py | class=None | function=run_sync_in_worker_thread | line=2502
2026-01-14 09:57:39,273 | CALL | file=venv\Lib\site-packages\anyio\_backends\_asyncio.py | class=CancelScope | function=__exit__ | line=450
2026-01-14 09:57:39,273 | CALL | file=venv\Lib\site-packages\anyio\_backends\_asyncio.py | class=CancelScope | function=_restart_cancellation_in_parent | line=602
2026-01-14 09:57:39,273 | CALL | file=venv\Lib\site-packages\anyio\_backends\_asyncio.py | class=CapacityLimiter | function=__aexit__ | line=1964
2026-01-14 09:57:39,274 | CALL | file=venv\Lib\site-packages\anyio\_backends\_asyncio.py | class=CapacityLimiter | function=release | line=2048
2026-01-14 09:57:39,274 | CALL | file=venv\Lib\site-packages\anyio\_backends\_asyncio.py | class=CapacityLimiter | function=release_on_behalf_of | line=2051
2026-01-14 09:57:39,274 | CALL | file=venv\Lib\site-packages\anyio\_backends\_asyncio.py | class=CapacityLimiter | function=_notify_next_waiter | line=2001
2026-01-14 09:57:39,274 | CALL | file=venv\Lib\site-packages\starlette\requests.py | class=Request | function=path_params | line=135
2026-01-14 09:57:39,275 | CALL | file=venv\Lib\site-packages\fastapi\dependencies\utils.py | class=None | function=request_params_to_args | line=743
2026-01-14 09:57:39,275 | CALL | file=venv\Lib\site-packages\starlette\requests.py | class=Request | function=query_params | line=129
2026-01-14 09:57:39,275 | CALL | file=venv\Lib\site-packages\fastapi\dependencies\utils.py | class=None | function=request_params_to_args | line=743
2026-01-14 09:57:39,275 | CALL | file=venv\Lib\site-packages\starlette\requests.py | class=Request | function=headers | line=123
2026-01-14 09:57:39,276 | CALL | file=venv\Lib\site-packages\fastapi\dependencies\utils.py | class=None | function=request_params_to_args | line=743
2026-01-14 09:57:39,276 | CALL | file=venv\Lib\site-packages\starlette\requests.py | class=Request | function=cookies | line=139
2026-01-14 09:57:39,277 | CALL | file=venv\Lib\site-packages\fastapi\dependencies\utils.py | class=None | function=request_params_to_args | line=743
2026-01-14 09:57:39,277 | CALL | file=venv\Lib\site-packages\fastapi\dependencies\utils.py | class=None | function=request_body_to_args | line=916
2026-01-14 09:57:39,277 | CALL | file=venv\Lib\site-packages\fastapi\_compat\v2.py | class=ModelField | function=type_ | line=130
2026-01-14 09:57:39,278 | CALL | file=venv\Lib\site-packages\fastapi\_compat\shared.py | class=None | function=lenient_issubclass | line=49
2026-01-14 09:57:39,278 | CALL | file=<frozen abc> | class=None | function=__instancecheck__ | line=117
2026-01-14 09:57:39,278 | CALL | file=<frozen abc> | class=None | function=__subclasscheck__ | line=121
2026-01-14 09:57:39,278 | CALL | file=<frozen _collections_abc> | class=None | function=__subclasshook__ | line=435
2026-01-14 09:57:39,278 | CALL | file=<frozen abc> | class=None | function=__instancecheck__ | line=117
2026-01-14 09:57:39,278 | CALL | file=venv\Lib\site-packages\fastapi\dependencies\utils.py | class=None | function=_validate_value_with_model_field | line=703
2026-01-14 09:57:39,279 | CALL | file=venv\Lib\site-packages\fastapi\_compat\v2.py | class=ModelField | function=validate | line=166
2026-01-14 09:57:39,279 | CALL | file=venv\Lib\site-packages\pydantic\type_adapter.py | class=TypeAdapter | function=validate_python | line=398
2026-01-14 09:57:39,279 | CALL | file=<string> | class=SolvedDependency | function=__init__ | line=2
2026-01-14 09:57:39,279 | CALL | file=venv\Lib\site-packages\fastapi\routing.py | class=None | function=run_endpoint_function | line=235
2026-01-14 09:57:39,279 | CALL | file=venv\Lib\site-packages\starlette\concurrency.py | class=None | function=run_in_threadpool | line=30
2026-01-14 09:57:39,280 | CALL | file=venv\Lib\site-packages\anyio\to_thread.py | class=None | function=run_sync | line=25
2026-01-14 09:57:39,280 | CALL | file=venv\Lib\site-packages\anyio\_core\_eventloop.py | class=None | function=get_async_backend | line=185
2026-01-14 09:57:39,280 | CALL | file=venv\Lib\site-packages\anyio\_core\_eventloop.py | class=None | function=current_async_library | line=205
2026-01-14 09:57:39,281 | CALL | file=venv\Lib\site-packages\anyio\_backends\_asyncio.py | class=None | function=run_sync_in_worker_thread | line=2443
2026-01-14 09:57:39,281 | CALL | file=venv\Lib\site-packages\anyio\_backends\_asyncio.py | class=None | function=checkpoint | line=2356
2026-01-14 09:57:39,281 | CALL | file=venv\Lib\site-packages\uvicorn\server.py | class=Server | function=serve | line=71
2026-01-14 09:57:39,281 | CALL | file=venv\Lib\site-packages\uvicorn\server.py | class=Server | function=_serve | line=89
2026-01-14 09:57:39,281 | CALL | file=venv\Lib\site-packages\uvicorn\server.py | class=Server | function=main_loop | line=230
2026-01-14 09:57:39,281 | CALL | file=venv\Lib\site-packages\uvicorn\server.py | class=Server | function=on_tick | line=233
2026-01-14 09:57:39,282 | CALL | file=venv\Lib\site-packages\starlette\middleware\base.py | class=TraceMiddleware | function=coro | line=144
2026-01-14 09:57:39,282 | CALL | file=venv\Lib\site-packages\starlette\middleware\cors.py | class=CORSMiddleware | function=__call__ | line=85
2026-01-14 09:57:39,282 | CALL | file=venv\Lib\site-packages\starlette\middleware\exceptions.py | class=ExceptionMiddleware | function=__call__ | line=63
2026-01-14 09:57:39,283 | CALL | file=venv\Lib\site-packages\starlette\_exception_handler.py | class=None | function=wrapped_app | line=42
2026-01-14 09:57:39,283 | CALL | file=venv\Lib\site-packages\fastapi\middleware\asyncexitstack.py | class=AsyncExitStackMiddleware | function=__call__ | line=18
2026-01-14 09:57:39,283 | CALL | file=venv\Lib\site-packages\starlette\routing.py | class=APIRouter | function=__call__ | line=716
2026-01-14 09:57:39,299 | CALL | file=venv\Lib\site-packages\starlette\routing.py | class=APIRouter | function=app | line=736
2026-01-14 09:57:39,301 | CALL | file=venv\Lib\site-packages\starlette\routing.py | class=APIRoute | function=handle | line=290
2026-01-14 09:57:39,302 | CALL | file=venv\Lib\site-packages\fastapi\routing.py | class=None | function=app | line=115
2026-01-14 09:57:39,302 | CALL | file=venv\Lib\site-packages\starlette\_exception_handler.py | class=None | function=wrapped_app | line=42
2026-01-14 09:57:39,302 | CALL | file=venv\Lib\site-packages\fastapi\routing.py | class=None | function=app | line=101
2026-01-14 09:57:39,302 | CALL | file=venv\Lib\site-packages\fastapi\routing.py | class=None | function=app | line=355
2026-01-14 09:57:39,302 | CALL | file=venv\Lib\site-packages\fastapi\routing.py | class=None | function=run_endpoint_function | line=245
2026-01-14 09:57:39,302 | CALL | file=venv\Lib\site-packages\starlette\concurrency.py | class=None | function=run_in_threadpool | line=32
2026-01-14 09:57:39,303 | CALL | file=venv\Lib\site-packages\anyio\to_thread.py | class=None | function=run_sync | line=63
2026-01-14 09:57:39,303 | CALL | file=venv\Lib\site-packages\anyio\_backends\_asyncio.py | class=None | function=run_sync_in_worker_thread | line=2451
2026-01-14 09:57:39,303 | CALL | file=venv\Lib\site-packages\anyio\_backends\_asyncio.py | class=None | function=checkpoint | line=2358
2026-01-14 09:57:39,303 | CALL | file=venv\Lib\site-packages\anyio\lowlevel.py | class=RunVar | function=get | line=157
2026-01-14 09:57:39,303 | CALL | file=venv\Lib\site-packages\anyio\lowlevel.py | class=RunVar | function=_current_vars | line=142
2026-01-14 09:57:39,303 | CALL | file=venv\Lib\site-packages\anyio\lowlevel.py | class=None | function=current_token | line=81
2026-01-14 09:57:39,304 | CALL | file=venv\Lib\site-packages\anyio\_core\_eventloop.py | class=None | function=get_async_backend | line=185
2026-01-14 09:57:39,304 | CALL | file=venv\Lib\site-packages\anyio\_core\_eventloop.py | class=None | function=current_async_library | line=205
2026-01-14 09:57:39,304 | CALL | file=venv\Lib\site-packages\anyio\_backends\_asyncio.py | class=None | function=current_token | line=2344
2026-01-14 09:57:39,304 | CALL | file=<string> | class=EventLoopToken | function=__init__ | line=2
2026-01-14 09:57:39,304 | CALL | file=venv\Lib\site-packages\anyio\lowlevel.py | class=RunVar | function=get | line=157
2026-01-14 09:57:39,305 | CALL | file=venv\Lib\site-packages\anyio\lowlevel.py | class=RunVar | function=_current_vars | line=142
2026-01-14 09:57:39,305 | CALL | file=venv\Lib\site-packages\anyio\lowlevel.py | class=None | function=current_token | line=81
2026-01-14 09:57:39,305 | CALL | file=venv\Lib\site-packages\anyio\_core\_eventloop.py | class=None | function=get_async_backend | line=185
2026-01-14 09:57:39,305 | CALL | file=venv\Lib\site-packages\anyio\_core\_eventloop.py | class=None | function=current_async_library | line=205
2026-01-14 09:57:39,305 | CALL | file=venv\Lib\site-packages\anyio\_backends\_asyncio.py | class=None | function=current_token | line=2344
2026-01-14 09:57:39,305 | CALL | file=<string> | class=EventLoopToken | function=__init__ | line=2
2026-01-14 09:57:39,306 | CALL | file=venv\Lib\site-packages\anyio\_backends\_asyncio.py | class=None | function=current_default_thread_limiter | line=2936
2026-01-14 09:57:39,306 | CALL | file=venv\Lib\site-packages\anyio\lowlevel.py | class=RunVar | function=get | line=157
2026-01-14 09:57:39,306 | CALL | file=venv\Lib\site-packages\anyio\lowlevel.py | class=RunVar | function=_current_vars | line=142
2026-01-14 09:57:39,306 | CALL | file=venv\Lib\site-packages\anyio\lowlevel.py | class=None | function=current_token | line=81
2026-01-14 09:57:39,306 | CALL | file=venv\Lib\site-packages\anyio\_core\_eventloop.py | class=None | function=get_async_backend | line=185
2026-01-14 09:57:39,306 | CALL | file=venv\Lib\site-packages\anyio\_core\_eventloop.py | class=None | function=current_async_library | line=205
2026-01-14 09:57:39,307 | CALL | file=venv\Lib\site-packages\anyio\_backends\_asyncio.py | class=None | function=current_token | line=2344
2026-01-14 09:57:39,307 | CALL | file=<string> | class=EventLoopToken | function=__init__ | line=2
2026-01-14 09:57:39,307 | CALL | file=venv\Lib\site-packages\anyio\_backends\_asyncio.py | class=CapacityLimiter | function=__aenter__ | line=1961
2026-01-14 09:57:39,307 | CALL | file=venv\Lib\site-packages\anyio\_backends\_asyncio.py | class=CapacityLimiter | function=acquire | line=2021
2026-01-14 09:57:39,308 | CALL | file=venv\Lib\site-packages\anyio\_backends\_asyncio.py | class=CapacityLimiter | function=acquire_on_behalf_of | line=2024
2026-01-14 09:57:39,308 | CALL | file=venv\Lib\site-packages\anyio\_backends\_asyncio.py | class=None | function=checkpoint_if_cancelled | line=2360
2026-01-14 09:57:39,308 | CALL | file=venv\Lib\site-packages\anyio\_backends\_asyncio.py | class=CancelScope | function=cancel_called | line=652
2026-01-14 09:57:39,308 | CALL | file=venv\Lib\site-packages\anyio\_backends\_asyncio.py | class=CancelScope | function=shield | line=660
2026-01-14 09:57:39,309 | CALL | file=venv\Lib\site-packages\anyio\_backends\_asyncio.py | class=CapacityLimiter | function=acquire_on_behalf_of_nowait | line=2010
2026-01-14 09:57:39,309 | CALL | file=venv\Lib\site-packages\anyio\_backends\_asyncio.py | class=None | function=cancel_shielded_checkpoint | line=2379
2026-01-14 09:57:39,309 | CALL | file=venv\Lib\site-packages\anyio\_backends\_asyncio.py | class=None | function=__new__ | line=396
2026-01-14 09:57:39,310 | CALL | file=venv\Lib\site-packages\anyio\_backends\_asyncio.py | class=CancelScope | function=__init__ | line=401
2026-01-14 09:57:39,310 | CALL | file=venv\Lib\site-packages\anyio\_backends\_asyncio.py | class=CancelScope | function=__enter__ | line=419
2026-01-14 09:57:39,311 | CALL | file=venv\Lib\site-packages\anyio\_backends\_asyncio.py | class=CancelScope | function=_timeout | line=548
2026-01-14 09:57:39,311 | CALL | file=venv\Lib\site-packages\starlette\middleware\base.py | class=TraceMiddleware | function=coro | line=144
2026-01-14 09:57:39,311 | CALL | file=venv\Lib\site-packages\starlette\middleware\cors.py | class=CORSMiddleware | function=__call__ | line=85
2026-01-14 09:57:39,311 | CALL | file=venv\Lib\site-packages\starlette\middleware\exceptions.py | class=ExceptionMiddleware | function=__call__ | line=63
2026-01-14 09:57:39,312 | CALL | file=venv\Lib\site-packages\starlette\_exception_handler.py | class=None | function=wrapped_app | line=42
2026-01-14 09:57:39,312 | CALL | file=venv\Lib\site-packages\fastapi\middleware\asyncexitstack.py | class=AsyncExitStackMiddleware | function=__call__ | line=18
2026-01-14 09:57:39,312 | CALL | file=venv\Lib\site-packages\starlette\routing.py | class=APIRouter | function=__call__ | line=716
2026-01-14 09:57:39,312 | CALL | file=venv\Lib\site-packages\starlette\routing.py | class=APIRouter | function=app | line=736
2026-01-14 09:57:39,312 | CALL | file=venv\Lib\site-packages\starlette\routing.py | class=APIRoute | function=handle | line=290
2026-01-14 09:57:39,312 | CALL | file=venv\Lib\site-packages\fastapi\routing.py | class=None | function=app | line=115
2026-01-14 09:57:39,312 | CALL | file=venv\Lib\site-packages\starlette\_exception_handler.py | class=None | function=wrapped_app | line=42
2026-01-14 09:57:39,313 | CALL | file=venv\Lib\site-packages\fastapi\routing.py | class=None | function=app | line=101
2026-01-14 09:57:39,313 | CALL | file=venv\Lib\site-packages\fastapi\routing.py | class=None | function=app | line=355
2026-01-14 09:57:39,313 | CALL | file=venv\Lib\site-packages\fastapi\routing.py | class=None | function=run_endpoint_function | line=245
2026-01-14 09:57:39,313 | CALL | file=venv\Lib\site-packages\starlette\concurrency.py | class=None | function=run_in_threadpool | line=32
2026-01-14 09:57:39,313 | CALL | file=venv\Lib\site-packages\anyio\to_thread.py | class=None | function=run_sync | line=63
2026-01-14 09:57:39,314 | CALL | file=venv\Lib\site-packages\anyio\_backends\_asyncio.py | class=None | function=run_sync_in_worker_thread | line=2464
2026-01-14 09:57:39,314 | CALL | file=venv\Lib\site-packages\anyio\_backends\_asyncio.py | class=CapacityLimiter | function=__aenter__ | line=1962
2026-01-14 09:57:39,314 | CALL | file=venv\Lib\site-packages\anyio\_backends\_asyncio.py | class=CapacityLimiter | function=acquire | line=2022
2026-01-14 09:57:39,314 | CALL | file=venv\Lib\site-packages\anyio\_backends\_asyncio.py | class=CapacityLimiter | function=acquire_on_behalf_of | line=2043
2026-01-14 09:57:39,314 | CALL | file=venv\Lib\site-packages\anyio\_backends\_asyncio.py | class=None | function=cancel_shielded_checkpoint | line=2382
2026-01-14 09:57:39,315 | CALL | file=venv\Lib\site-packages\anyio\_backends\_asyncio.py | class=CancelScope | function=__exit__ | line=450
2026-01-14 09:57:39,315 | CALL | file=venv\Lib\site-packages\anyio\_backends\_asyncio.py | class=CancelScope | function=_restart_cancellation_in_parent | line=602
2026-01-14 09:57:39,315 | CALL | file=venv\Lib\site-packages\anyio\_backends\_asyncio.py | class=None | function=__new__ | line=396
2026-01-14 09:57:39,315 | CALL | file=venv\Lib\site-packages\anyio\_backends\_asyncio.py | class=CancelScope | function=__init__ | line=401
2026-01-14 09:57:39,315 | CALL | file=venv\Lib\site-packages\anyio\_backends\_asyncio.py | class=CancelScope | function=__enter__ | line=419
2026-01-14 09:57:39,317 | CALL | file=venv\Lib\site-packages\anyio\_backends\_asyncio.py | class=CancelScope | function=_timeout | line=548
2026-01-14 09:57:39,317 | CALL | file=venv\Lib\site-packages\anyio\_backends\_asyncio.py | class=None | function=find_root_task | line=314
2026-01-14 09:57:39,325 | CALL | file=venv\Lib\site-packages\anyio\lowlevel.py | class=RunVar | function=get | line=157
2026-01-14 09:57:39,326 | CALL | file=venv\Lib\site-packages\anyio\lowlevel.py | class=RunVar | function=_current_vars | line=142
2026-01-14 09:57:39,326 | CALL | file=venv\Lib\site-packages\anyio\lowlevel.py | class=None | function=current_token | line=81
2026-01-14 09:57:39,326 | CALL | file=venv\Lib\site-packages\anyio\_core\_eventloop.py | class=None | function=get_async_backend | line=185
2026-01-14 09:57:39,327 | CALL | file=venv\Lib\site-packages\anyio\_core\_eventloop.py | class=None | function=current_async_library | line=205
2026-01-14 09:57:39,327 | CALL | file=venv\Lib\site-packages\anyio\_backends\_asyncio.py | class=None | function=current_token | line=2344
2026-01-14 09:57:39,328 | CALL | file=<string> | class=EventLoopToken | function=__init__ | line=2
2026-01-14 09:57:39,328 | CALL | file=venv\Lib\site-packages\anyio\_backends\_asyncio.py | class=None | function=current_time | line=2348
2026-01-14 09:57:39,328 | CALL | file=venv\Lib\site-packages\anyio\_core\_eventloop.py | class=None | function=set_current_async_library | line=224
2026-01-14 09:57:39,386 | CALL | file=venv\Lib\site-packages\uvicorn\server.py | class=Server | function=serve | line=71
2026-01-14 09:57:39,386 | CALL | file=venv\Lib\site-packages\uvicorn\server.py | class=Server | function=_serve | line=89
2026-01-14 09:57:39,387 | CALL | file=venv\Lib\site-packages\uvicorn\server.py | class=Server | function=main_loop | line=230
2026-01-14 09:57:39,387 | CALL | file=venv\Lib\site-packages\uvicorn\server.py | class=Server | function=on_tick | line=233
2026-01-14 09:57:39,495 | CALL | file=venv\Lib\site-packages\uvicorn\server.py | class=Server | function=serve | line=71
2026-01-14 09:57:39,496 | CALL | file=venv\Lib\site-packages\uvicorn\server.py | class=Server | function=_serve | line=89
2026-01-14 09:57:39,496 | CALL | file=venv\Lib\site-packages\uvicorn\server.py | class=Server | function=main_loop | line=230
2026-01-14 09:57:39,496 | CALL | file=venv\Lib\site-packages\uvicorn\server.py | class=Server | function=on_tick | line=233
2026-01-14 09:57:39,599 | CALL | file=venv\Lib\site-packages\uvicorn\server.py | class=Server | function=serve | line=71
2026-01-14 09:57:39,600 | CALL | file=venv\Lib\site-packages\uvicorn\server.py | class=Server | function=_serve | line=89
2026-01-14 09:57:39,600 | CALL | file=venv\Lib\site-packages\uvicorn\server.py | class=Server | function=main_loop | line=230
2026-01-14 09:57:39,600 | CALL | file=venv\Lib\site-packages\uvicorn\server.py | class=Server | function=on_tick | line=233
2026-01-14 09:57:39,706 | CALL | file=venv\Lib\site-packages\uvicorn\server.py | class=Server | function=serve | line=71
2026-01-14 09:57:39,706 | CALL | file=venv\Lib\site-packages\uvicorn\server.py | class=Server | function=_serve | line=89
2026-01-14 09:57:39,706 | CALL | file=venv\Lib\site-packages\uvicorn\server.py | class=Server | function=main_loop | line=230
2026-01-14 09:57:39,707 | CALL | file=venv\Lib\site-packages\uvicorn\server.py | class=Server | function=on_tick | line=233
2026-01-14 09:57:39,812 | CALL | file=venv\Lib\site-packages\uvicorn\server.py | class=Server | function=serve | line=71
2026-01-14 09:57:39,812 | CALL | file=venv\Lib\site-packages\uvicorn\server.py | class=Server | function=_serve | line=89
2026-01-14 09:57:39,812 | CALL | file=venv\Lib\site-packages\uvicorn\server.py | class=Server | function=main_loop | line=230
2026-01-14 09:57:39,813 | CALL | file=venv\Lib\site-packages\uvicorn\server.py | class=Server | function=on_tick | line=233
2026-01-14 09:57:39,919 | CALL | file=venv\Lib\site-packages\uvicorn\server.py | class=Server | function=serve | line=71
2026-01-14 09:57:39,919 | CALL | file=venv\Lib\site-packages\uvicorn\server.py | class=Server | function=_serve | line=89
2026-01-14 09:57:39,919 | CALL | file=venv\Lib\site-packages\uvicorn\server.py | class=Server | function=main_loop | line=230
2026-01-14 09:57:39,920 | CALL | file=venv\Lib\site-packages\uvicorn\server.py | class=Server | function=on_tick | line=233
2026-01-14 09:57:40,027 | CALL | file=venv\Lib\site-packages\uvicorn\server.py | class=Server | function=serve | line=71
2026-01-14 09:57:40,028 | CALL | file=venv\Lib\site-packages\uvicorn\server.py | class=Server | function=_serve | line=89
2026-01-14 09:57:40,028 | CALL | file=venv\Lib\site-packages\uvicorn\server.py | class=Server | function=main_loop | line=230
2026-01-14 09:57:40,028 | CALL | file=venv\Lib\site-packages\uvicorn\server.py | class=Server | function=on_tick | line=233
2026-01-14 09:57:40,135 | CALL | file=venv\Lib\site-packages\uvicorn\server.py | class=Server | function=serve | line=71
2026-01-14 09:57:40,136 | CALL | file=venv\Lib\site-packages\uvicorn\server.py | class=Server | function=_serve | line=89
2026-01-14 09:57:40,136 | CALL | file=venv\Lib\site-packages\uvicorn\server.py | class=Server | function=main_loop | line=230
2026-01-14 09:57:40,136 | CALL | file=venv\Lib\site-packages\uvicorn\server.py | class=Server | function=on_tick | line=233
2026-01-14 09:57:40,244 | CALL | file=venv\Lib\site-packages\uvicorn\server.py | class=Server | function=serve | line=71
2026-01-14 09:57:40,244 | CALL | file=venv\Lib\site-packages\uvicorn\server.py | class=Server | function=_serve | line=89
2026-01-14 09:57:40,245 | CALL | file=venv\Lib\site-packages\uvicorn\server.py | class=Server | function=main_loop | line=230
2026-01-14 09:57:40,245 | CALL | file=venv\Lib\site-packages\uvicorn\server.py | class=Server | function=on_tick | line=233
2026-01-14 09:57:40,352 | CALL | file=venv\Lib\site-packages\uvicorn\server.py | class=Server | function=serve | line=71
2026-01-14 09:57:40,353 | CALL | file=venv\Lib\site-packages\uvicorn\server.py | class=Server | function=_serve | line=89
2026-01-14 09:57:40,353 | CALL | file=venv\Lib\site-packages\uvicorn\server.py | class=Server | function=main_loop | line=230
2026-01-14 09:57:40,353 | CALL | file=venv\Lib\site-packages\uvicorn\server.py | class=Server | function=on_tick | line=233
2026-01-14 09:57:40,459 | CALL | file=venv\Lib\site-packages\uvicorn\server.py | class=Server | function=serve | line=71
2026-01-14 09:57:40,460 | CALL | file=venv\Lib\site-packages\uvicorn\server.py | class=Server | function=_serve | line=89
2026-01-14 09:57:40,460 | CALL | file=venv\Lib\site-packages\uvicorn\server.py | class=Server | function=main_loop | line=230
2026-01-14 09:57:40,460 | CALL | file=venv\Lib\site-packages\uvicorn\server.py | class=Server | function=on_tick | line=233
2026-01-14 09:57:40,566 | CALL | file=venv\Lib\site-packages\uvicorn\server.py | class=Server | function=serve | line=71
2026-01-14 09:57:40,567 | CALL | file=venv\Lib\site-packages\uvicorn\server.py | class=Server | function=_serve | line=89
2026-01-14 09:57:40,567 | CALL | file=venv\Lib\site-packages\uvicorn\server.py | class=Server | function=main_loop | line=230
2026-01-14 09:57:40,567 | CALL | file=venv\Lib\site-packages\uvicorn\server.py | class=Server | function=on_tick | line=233
2026-01-14 09:57:40,674 | CALL | file=venv\Lib\site-packages\uvicorn\server.py | class=Server | function=serve | line=71
2026-01-14 09:57:40,675 | CALL | file=venv\Lib\site-packages\uvicorn\server.py | class=Server | function=_serve | line=89
2026-01-14 09:57:40,675 | CALL | file=venv\Lib\site-packages\uvicorn\server.py | class=Server | function=main_loop | line=230
2026-01-14 09:57:40,675 | CALL | file=venv\Lib\site-packages\uvicorn\server.py | class=Server | function=on_tick | line=233
2026-01-14 09:57:40,754 | CALL | file=venv\Lib\site-packages\anyio\_backends\_asyncio.py | class=WorkerThread | function=_report_result | line=954
2026-01-14 09:57:40,755 | CALL | file=venv\Lib\site-packages\anyio\_backends\_asyncio.py | class=None | function=current_time | line=2348
2026-01-14 09:57:40,756 | CALL | file=venv\Lib\site-packages\starlette\middleware\base.py | class=TraceMiddleware | function=coro | line=144
2026-01-14 09:57:40,756 | CALL | file=venv\Lib\site-packages\starlette\middleware\cors.py | class=CORSMiddleware | function=__call__ | line=85
2026-01-14 09:57:40,756 | CALL | file=venv\Lib\site-packages\starlette\middleware\exceptions.py | class=ExceptionMiddleware | function=__call__ | line=63
2026-01-14 09:57:40,757 | CALL | file=venv\Lib\site-packages\starlette\_exception_handler.py | class=None | function=wrapped_app | line=42
2026-01-14 09:57:40,757 | CALL | file=venv\Lib\site-packages\fastapi\middleware\asyncexitstack.py | class=AsyncExitStackMiddleware | function=__call__ | line=18
2026-01-14 09:57:40,757 | CALL | file=venv\Lib\site-packages\starlette\routing.py | class=APIRouter | function=__call__ | line=716
2026-01-14 09:57:40,757 | CALL | file=venv\Lib\site-packages\starlette\routing.py | class=APIRouter | function=app | line=736
2026-01-14 09:57:40,758 | CALL | file=venv\Lib\site-packages\starlette\routing.py | class=APIRoute | function=handle | line=290
2026-01-14 09:57:40,758 | CALL | file=venv\Lib\site-packages\fastapi\routing.py | class=None | function=app | line=115
2026-01-14 09:57:40,758 | CALL | file=venv\Lib\site-packages\starlette\_exception_handler.py | class=None | function=wrapped_app | line=42
2026-01-14 09:57:40,759 | CALL | file=venv\Lib\site-packages\fastapi\routing.py | class=None | function=app | line=101
2026-01-14 09:57:40,759 | CALL | file=venv\Lib\site-packages\fastapi\routing.py | class=None | function=app | line=355
2026-01-14 09:57:40,759 | CALL | file=venv\Lib\site-packages\fastapi\routing.py | class=None | function=run_endpoint_function | line=245
2026-01-14 09:57:40,759 | CALL | file=venv\Lib\site-packages\starlette\concurrency.py | class=None | function=run_in_threadpool | line=32
2026-01-14 09:57:40,760 | CALL | file=venv\Lib\site-packages\anyio\to_thread.py | class=None | function=run_sync | line=63
2026-01-14 09:57:40,760 | CALL | file=venv\Lib\site-packages\anyio\_backends\_asyncio.py | class=None | function=run_sync_in_worker_thread | line=2502
2026-01-14 09:57:40,761 | CALL | file=venv\Lib\site-packages\anyio\_backends\_asyncio.py | class=CancelScope | function=__exit__ | line=450
2026-01-14 09:57:40,761 | CALL | file=venv\Lib\site-packages\anyio\_backends\_asyncio.py | class=CancelScope | function=_restart_cancellation_in_parent | line=602
2026-01-14 09:57:40,761 | CALL | file=venv\Lib\site-packages\anyio\_backends\_asyncio.py | class=CapacityLimiter | function=__aexit__ | line=1964
2026-01-14 09:57:40,761 | CALL | file=venv\Lib\site-packages\anyio\_backends\_asyncio.py | class=CapacityLimiter | function=release | line=2048
2026-01-14 09:57:40,762 | CALL | file=venv\Lib\site-packages\anyio\_backends\_asyncio.py | class=CapacityLimiter | function=release_on_behalf_of | line=2051
2026-01-14 09:57:40,762 | CALL | file=venv\Lib\site-packages\anyio\_backends\_asyncio.py | class=CapacityLimiter | function=_notify_next_waiter | line=2001
2026-01-14 09:57:40,762 | CALL | file=venv\Lib\site-packages\fastapi\routing.py | class=None | function=serialize_response | line=190
2026-01-14 09:57:40,762 | CALL | file=venv\Lib\site-packages\fastapi\encoders.py | class=None | function=jsonable_encoder | line=111
2026-01-14 09:57:40,763 | CALL | file=venv\Lib\site-packages\fastapi\encoders.py | class=None | function=jsonable_encoder | line=111
2026-01-14 09:57:40,763 | CALL | file=venv\Lib\site-packages\fastapi\encoders.py | class=None | function=jsonable_encoder | line=111
2026-01-14 09:57:40,763 | CALL | file=venv\Lib\site-packages\fastapi\encoders.py | class=None | function=jsonable_encoder | line=111
2026-01-14 09:57:40,763 | CALL | file=venv\Lib\site-packages\fastapi\encoders.py | class=None | function=jsonable_encoder | line=111
2026-01-14 09:57:40,764 | CALL | file=venv\Lib\site-packages\starlette\responses.py | class=JSONResponse | function=__init__ | line=181
2026-01-14 09:57:40,764 | CALL | file=venv\Lib\site-packages\starlette\responses.py | class=JSONResponse | function=__init__ | line=34
2026-01-14 09:57:40,764 | CALL | file=venv\Lib\site-packages\starlette\responses.py | class=JSONResponse | function=render | line=191
2026-01-14 09:57:40,764 | CALL | file=venv\Lib\site-packages\starlette\responses.py | class=JSONResponse | function=init_headers | line=56
2026-01-14 09:57:40,764 | CALL | file=venv\Lib\site-packages\fastapi\utils.py | class=None | function=is_body_allowed_for_status_code | line=39
2026-01-14 09:57:40,765 | CALL | file=venv\Lib\site-packages\starlette\responses.py | class=JSONResponse | function=headers | line=84
2026-01-14 09:57:40,765 | CALL | file=venv\Lib\site-packages\starlette\datastructures.py | class=MutableHeaders | function=__init__ | line=507
2026-01-14 09:57:40,765 | CALL | file=venv\Lib\site-packages\starlette\datastructures.py | class=MutableHeaders | function=raw | line=629
2026-01-14 09:57:40,765 | CALL | file=venv\Lib\site-packages\starlette\responses.py | class=Response | function=headers | line=84
2026-01-14 09:57:40,765 | CALL | file=venv\Lib\site-packages\starlette\datastructures.py | class=MutableHeaders | function=raw | line=629
2026-01-14 09:57:40,766 | CALL | file=venv\Lib\site-packages\starlette\responses.py | class=JSONResponse | function=__call__ | line=155
2026-01-14 09:57:40,766 | CALL | file=venv\Lib\site-packages\starlette\_exception_handler.py | class=None | function=sender | line=34
2026-01-14 09:57:40,766 | CALL | file=venv\Lib\site-packages\starlette\_exception_handler.py | class=None | function=sender | line=34
2026-01-14 09:57:40,766 | CALL | file=venv\Lib\site-packages\starlette\middleware\base.py | class=None | function=send_no_error | line=132
2026-01-14 09:57:40,766 | CALL | file=venv\Lib\site-packages\anyio\streams\memory.py | class=MemoryObjectSendStream | function=send | line=234
2026-01-14 09:57:40,767 | CALL | file=venv\Lib\site-packages\anyio\lowlevel.py | class=None | function=checkpoint | line=26
2026-01-14 09:57:40,767 | CALL | file=venv\Lib\site-packages\anyio\_core\_eventloop.py | class=None | function=get_async_backend | line=185
2026-01-14 09:57:40,767 | CALL | file=venv\Lib\site-packages\anyio\_core\_eventloop.py | class=None | function=current_async_library | line=205
2026-01-14 09:57:40,767 | CALL | file=venv\Lib\site-packages\anyio\_backends\_asyncio.py | class=None | function=checkpoint | line=2356
2026-01-14 09:57:40,768 | CALL | file=venv\Lib\site-packages\starlette\middleware\base.py | class=TraceMiddleware | function=coro | line=144
2026-01-14 09:57:40,768 | CALL | file=venv\Lib\site-packages\starlette\middleware\cors.py | class=CORSMiddleware | function=__call__ | line=85
2026-01-14 09:57:40,768 | CALL | file=venv\Lib\site-packages\starlette\middleware\exceptions.py | class=ExceptionMiddleware | function=__call__ | line=63
2026-01-14 09:57:40,769 | CALL | file=venv\Lib\site-packages\starlette\_exception_handler.py | class=None | function=wrapped_app | line=42
2026-01-14 09:57:40,769 | CALL | file=venv\Lib\site-packages\fastapi\middleware\asyncexitstack.py | class=AsyncExitStackMiddleware | function=__call__ | line=18
2026-01-14 09:57:40,769 | CALL | file=venv\Lib\site-packages\starlette\routing.py | class=APIRouter | function=__call__ | line=716
2026-01-14 09:57:40,769 | CALL | file=venv\Lib\site-packages\starlette\routing.py | class=APIRouter | function=app | line=736
2026-01-14 09:57:40,770 | CALL | file=venv\Lib\site-packages\starlette\routing.py | class=APIRoute | function=handle | line=290
2026-01-14 09:57:40,770 | CALL | file=venv\Lib\site-packages\fastapi\routing.py | class=None | function=app | line=115
2026-01-14 09:57:40,770 | CALL | file=venv\Lib\site-packages\starlette\_exception_handler.py | class=None | function=wrapped_app | line=42
2026-01-14 09:57:40,771 | CALL | file=venv\Lib\site-packages\fastapi\routing.py | class=None | function=app | line=102
2026-01-14 09:57:40,771 | CALL | file=venv\Lib\site-packages\starlette\responses.py | class=JSONResponse | function=__call__ | line=157
2026-01-14 09:57:40,771 | CALL | file=venv\Lib\site-packages\starlette\_exception_handler.py | class=None | function=sender | line=39
2026-01-14 09:57:40,771 | CALL | file=venv\Lib\site-packages\starlette\_exception_handler.py | class=None | function=sender | line=39
2026-01-14 09:57:40,771 | CALL | file=venv\Lib\site-packages\starlette\middleware\base.py | class=None | function=send_no_error | line=134
2026-01-14 09:57:40,772 | CALL | file=venv\Lib\site-packages\anyio\streams\memory.py | class=MemoryObjectSendStream | function=send | line=247
2026-01-14 09:57:40,772 | CALL | file=venv\Lib\site-packages\anyio\lowlevel.py | class=None | function=checkpoint | line=38
2026-01-14 09:57:40,772 | CALL | file=venv\Lib\site-packages\anyio\_backends\_asyncio.py | class=None | function=checkpoint | line=2358
2026-01-14 09:57:40,772 | CALL | file=venv\Lib\site-packages\anyio\streams\memory.py | class=MemoryObjectSendStream | function=send_nowait | line=205
2026-01-14 09:57:40,772 | CALL | file=venv\Lib\site-packages\anyio\_backends\_asyncio.py | class=AsyncIOTaskInfo | function=has_pending_cancellation | line=2137
2026-01-14 09:57:40,773 | CALL | file=venv\Lib\site-packages\anyio\_backends\_asyncio.py | class=CancelScope | function=_effectively_cancelled | line=526
2026-01-14 09:57:40,773 | CALL | file=venv\Lib\site-packages\anyio\_backends\_asyncio.py | class=CancelScope | function=shield | line=660
2026-01-14 09:57:40,773 | CALL | file=venv\Lib\site-packages\anyio\_backends\_asyncio.py | class=Event | function=set | line=1779
2026-01-14 09:57:40,773 | CALL | file=venv\Lib\site-packages\starlette\_exception_handler.py | class=None | function=sender | line=34
2026-01-14 09:57:40,773 | CALL | file=venv\Lib\site-packages\starlette\_exception_handler.py | class=None | function=sender | line=34
2026-01-14 09:57:40,774 | CALL | file=venv\Lib\site-packages\starlette\middleware\base.py | class=None | function=send_no_error | line=132
2026-01-14 09:57:40,774 | CALL | file=venv\Lib\site-packages\anyio\streams\memory.py | class=MemoryObjectSendStream | function=send | line=234
2026-01-14 09:57:40,774 | CALL | file=venv\Lib\site-packages\anyio\lowlevel.py | class=None | function=checkpoint | line=26
2026-01-14 09:57:40,774 | CALL | file=venv\Lib\site-packages\anyio\_core\_eventloop.py | class=None | function=get_async_backend | line=185
2026-01-14 09:57:40,774 | CALL | file=venv\Lib\site-packages\anyio\_core\_eventloop.py | class=None | function=current_async_library | line=205
2026-01-14 09:57:40,775 | CALL | file=venv\Lib\site-packages\anyio\_backends\_asyncio.py | class=None | function=checkpoint | line=2356
2026-01-14 09:57:40,775 | CALL | file=venv\Lib\site-packages\uvicorn\protocols\http\h11_impl.py | class=RequestResponseCycle | function=run_asgi | line=410
2026-01-14 09:57:40,775 | CALL | file=venv\Lib\site-packages\uvicorn\middleware\proxy_headers.py | class=ProxyHeadersMiddleware | function=__call__ | line=60
2026-01-14 09:57:40,775 | CALL | file=venv\Lib\site-packages\fastapi\applications.py | class=FastAPI | function=__call__ | line=1135
2026-01-14 09:57:40,776 | CALL | file=venv\Lib\site-packages\starlette\applications.py | class=FastAPI | function=__call__ | line=107
2026-01-14 09:57:40,776 | CALL | file=venv\Lib\site-packages\starlette\middleware\errors.py | class=ServerErrorMiddleware | function=__call__ | line=164
2026-01-14 09:57:40,776 | CALL | file=venv\Lib\site-packages\starlette\middleware\base.py | class=TraceMiddleware | function=__call__ | line=193
2026-01-14 09:57:40,777 | CALL | file=tracing\tracer.py | class=TraceMiddleware | function=dispatch | line=54
2026-01-14 09:57:40,777 | CALL | file=venv\Lib\site-packages\starlette\middleware\base.py | class=TraceMiddleware | function=call_next | line=151
2026-01-14 09:57:40,777 | CALL | file=venv\Lib\site-packages\anyio\streams\memory.py | class=MemoryObjectReceiveStream | function=receive | line=125
2026-01-14 09:57:40,778 | CALL | file=venv\Lib\site-packages\anyio\_backends\_asyncio.py | class=Event | function=wait | line=1789
2026-01-14 09:57:40,778 | CALL | file=venv\Lib\site-packages\starlette\middleware\base.py | class=_StreamingResponse | function=__init__ | line=205
2026-01-14 09:57:40,778 | CALL | file=venv\Lib\site-packages\starlette\responses.py | class=_StreamingResponse | function=init_headers | line=56
